Archive member included to satisfy reference by file (symbol)

./build/open_esplibs_libmain.a(user_interface.o)
                              (--whole-archive)
./build/open_esplibs_libmain.a(spi_flash.o)
                              (--whole-archive)
./build/open_esplibs_libmain.a(os_cpu_a.o)
                              (--whole-archive)
./build/open_esplibs_libmain.a(uart.o)
                              (--whole-archive)
./build/open_esplibs_libmain.a(misc.o)
                              (--whole-archive)
./build/open_esplibs_libmain.a(timers.o)
                              (--whole-archive)
./build/open_esplibs_libmain.a(xtensa_context.o)
                              (--whole-archive)
./build/open_esplibs_libnet80211.a(ieee80211_hostap.o)
                              (--whole-archive)
./build/open_esplibs_libnet80211.a(wl_cnx.o)
                              (--whole-archive)
./build/open_esplibs_libnet80211.a(ieee80211_ets.o)
                              (--whole-archive)
./build/open_esplibs_libnet80211.a(ieee80211_input.o)
                              (--whole-archive)
./build/open_esplibs_libnet80211.a(ieee80211_sta.o)
                              (--whole-archive)
./build/open_esplibs_libphy.a(phy_chip_v6.o)
                              (--whole-archive)
./build/open_esplibs_libphy.a(phy.o)
                              (--whole-archive)
./build/open_esplibs_libphy.a(phy_sleep.o)
                              (--whole-archive)
./build/open_esplibs_libpp.a(pm.o)
                              (--whole-archive)
./build/open_esplibs_libpp.a(if_hwctrl.o)
                              (--whole-archive)
./build/open_esplibs_libpp.a(pp.o)
                              (--whole-archive)
./build/open_esplibs_libpp.a(esf_buf.o)
                              (--whole-archive)
./build/open_esplibs_libpp.a(lmac.o)
                              (--whole-archive)
./build/open_esplibs_libpp.a(wdev.o)
                              (--whole-archive)
./build/open_esplibs_libwpa.a(os_xtensa.o)
                              (--whole-archive)
./build/open_esplibs_libwpa.a(wpa_main.o)
                              (--whole-archive)
./build/freertos.a(tasks.o)   ./build/open_esplibs_libmain.a(os_cpu_a.o) (pxCurrentTCB)
./build/freertos.a(timers.o)  ./build/freertos.a(tasks.o) (xTimerCreateTimerTask)
./build/freertos.a(port.o)    ./build/freertos.a(tasks.o) (pxPortInitialiseStack)
./build/freertos.a(queue.o)   ./build/freertos.a(timers.o) (xQueueGenericCreate)
./build/freertos.a(list.o)    ./build/freertos.a(tasks.o) (vListInitialise)
./build/lwip.a(esp_interface.o)
                              ./build/open_esplibs_libnet80211.a(ieee80211_sta.o) (ethernetif_init)
./build/lwip.a(tcpip.o)       ./build/open_esplibs_libnet80211.a(ieee80211_sta.o) (tcpip_input)
./build/lwip.a(dhcp.o)        ./build/open_esplibs_libmain.a(user_interface.o) (dhcp_stop)
./build/lwip.a(init.o)        ./build/lwip.a(tcpip.o) (lwip_init)
./build/lwip.a(memp.o)        ./build/lwip.a(tcpip.o) (memp_sizes)
./build/lwip.a(tcp.o)         ./build/lwip.a(init.o) (tcp_init)
./build/lwip.a(dns.o)         ./build/lwip.a(init.o) (dns_init)
./build/lwip.a(pbuf.o)        ./build/lwip.a(esp_interface.o) (pbuf_free)
./build/lwip.a(netif.o)       ./build/lwip.a(init.o) (netif_init)
./build/lwip.a(stats.o)       ./build/lwip.a(init.o) (stats_init)
./build/lwip.a(timers.o)      ./build/lwip.a(tcpip.o) (sys_timeout)
./build/lwip.a(udp.o)         ./build/lwip.a(init.o) (udp_init)
./build/lwip.a(tcp_out.o)     ./build/lwip.a(tcp.o) (tcp_enqueue_flags)
./build/lwip.a(ip_addr.o)     ./build/lwip.a(udp.o) (ip4_addr_isbroadcast)
./build/lwip.a(ip.o)          ./build/lwip.a(tcp.o) (ip_route)
./build/lwip.a(inet_chksum.o)
                              ./build/lwip.a(udp.o) (inet_chksum_pseudo)
./build/lwip.a(icmp.o)        ./build/lwip.a(ip.o) (icmp_input)
./build/lwip.a(etharp.o)      ./build/lwip.a(timers.o) (etharp_tmr)
./build/lwip.a(sys_arch.o)    ./build/lwip.a(tcpip.o) (sys_mbox_new)
./build/lwip.a(sockets.o)     ./build/lwip.a(init.o) (lwip_socket_init)
./build/lwip.a(raw.o)         ./build/lwip.a(ip.o) (raw_input)
./build/lwip.a(tcp_in.o)      ./build/lwip.a(tcp_out.o) (tcp_input_pcb)
./build/lwip.a(ip_frag.o)     ./build/lwip.a(ip.o) (ip_frag)
./build/lwip.a(api_lib.o)     ./build/lwip.a(sockets.o) (netconn_new_with_proto_and_callback)
./build/lwip.a(netbuf.o)      ./build/lwip.a(sockets.o) (netbuf_delete)
./build/lwip.a(api_msg.o)     ./build/lwip.a(api_lib.o) (do_newconn)
./build/core.a(esp_interrupts.o)
                              ./build/freertos.a(port.o) (_xt_isr_attach)
./build/core.a(app_main.o)    ./build/open_esplibs_libmain.a(user_interface.o) (sdk_user_init_flag)
./build/core.a(sysparam.o)    ./build/core.a(app_main.o) (sysparam_init)
./build/core.a(phy_info.o)    ./build/core.a(app_main.o) (get_default_phy_info)
./build/core.a(esp_hwrand.o)  ./build/core.a(app_main.o) (hwrand)
./build/core.a(debug_dumps.o)
[...]
Memory Configuration

Name             Origin             Length             Attributes
dport0_0_seg     0x000000003ff00000 0x0000000000000010
dram0_0_seg      0x000000003ffe8000 0x0000000000014000
iram1_0_seg      0x0000000040100000 0x0000000000008000
irom0_0_seg      0x0000000040202010 0x00000000000fdff0
*default*        0x0000000000000000 0xffffffffffffffff

Linker script and memory map

LOAD ./build/open_esplibs_libmain.a
LOAD ./build/open_esplibs_libnet80211.a
LOAD ./build/open_esplibs_libphy.a
LOAD ./build/open_esplibs_libpp.a
LOAD ./build/open_esplibs_libwpa.a
START GROUP
LOAD ./build/program.a
LOAD ./build/dhcpserver.a
LOAD ./build/freertos.a
LOAD ./build/lwip.a
LOAD ./build/core.a
LOAD ./build/open_esplibs.a
LOAD /media/marzipan/Expansion_1/Development/Projects/esp_open_sdk/esp-open-sdk/xtensa-lx106-elf/xtensa-lx106-elf/sysroot/usr/lib/libhal.a
LOAD /media/marzipan/Expansion_1/Development/Projects/esp_open_sdk/esp-open-sdk/xtensa-lx106-elf/lib/gcc/xtensa-lx106-elf/4.8.5/libgcc.a
LOAD /media/marzipan/Expansion_1/Development/Projects/superhouse_spi_test_build/esp-open-rtos/libc/xtensa-lx106-elf/lib/libc.a
LOAD ./build/sdklib/libmain.a
LOAD ./build/sdklib/libnet80211.a
LOAD ./build/sdklib/libphy.a
LOAD ./build/sdklib/libpp.a
LOAD ./build/sdklib/libwpa.a
END GROUP
                0x0000000040105bf8                pvPortMalloc = malloc
                0x0000000040105c14                vPortFree = free
                0x0000000040100bcc                _lock_acquire = vPortEnterCritical
                0x0000000040100bcc                _lock_acquire_recursive = vPortEnterCritical
                0x0000000040100bcc                _lock_try_acquire = vPortEnterCritical
                0x0000000040100bcc                _lock_try_acquire_recursive = vPortEnterCritical
                0x0000000040100bf4                _lock_release = vPortExitCritical
                0x0000000040100bf4                _lock_release_recursive = vPortExitCritical
                0x0000000040106170                ets_printf = printf
                [!provide]                        PROVIDE (_memmap_vecbase_reset, 0x40000000)
                0x0000000000000110                _memmap_cacheattr_wb_base = 0x110
                0x0000000000000110                _memmap_cacheattr_wt_base = 0x110
                0x0000000000000220                _memmap_cacheattr_bp_base = 0x220
                0x00000000fffff00f                _memmap_cacheattr_unused_mask = 0xfffff00f
                0x000000002222211f                _memmap_cacheattr_wb_trapnull = 0x2222211f
                0x000000002222211f                _memmap_cacheattr_wba_trapnull = 0x2222211f
                0x000000002222211f                _memmap_cacheattr_wbna_trapnull = 0x2222211f
                0x000000002222211f                _memmap_cacheattr_wt_trapnull = 0x2222211f
                0x000000002222222f                _memmap_cacheattr_bp_trapnull = 0x2222222f
                0x00000000fffff11f                _memmap_cacheattr_wb_strict = 0xfffff11f
                0x00000000fffff11f                _memmap_cacheattr_wt_strict = 0xfffff11f
                0x00000000fffff22f                _memmap_cacheattr_bp_strict = 0xfffff22f
                0x0000000022222112                _memmap_cacheattr_wb_allvalid = 0x22222112
                0x0000000022222112                _memmap_cacheattr_wt_allvalid = 0x22222112
                0x0000000022222222                _memmap_cacheattr_bp_allvalid = 0x22222222
                [!provide]                        PROVIDE (_memmap_cacheattr_reset, _memmap_cacheattr_wb_trapnull)

.dport0.rodata  0x000000003ff00000        0x0
                0x000000003ff00000                _dport0_rodata_start = ABSOLUTE (.)
 *(.dport0.rodata)
 *(.dport.rodata)
                0x000000003ff00000                _dport0_rodata_end = ABSOLUTE (.)

.dport0.literal
                0x000000003ff00000        0x0
                0x000000003ff00000                _dport0_literal_start = ABSOLUTE (.)
 *(.dport0.literal)
 *(.dport.literal)
                0x000000003ff00000                _dport0_literal_end = ABSOLUTE (.)

.dport0.data    0x000000003ff00000        0x0
                0x000000003ff00000                _dport0_data_start = ABSOLUTE (.)
 *(.dport0.data)
 *(.dport.data)
                0x000000003ff00000                _dport0_data_end = ABSOLUTE (.)

.text           0x0000000040100000     0x7012
                0x0000000040100000                _stext = .
                0x0000000040100000                _text_start = ABSOLUTE (.)
                0x0000000040100000                . = ALIGN (0x10)
 *(.vecbase.text)
 .vecbase.text  0x0000000040100000      0x3b2 ./build/core.a(exception_vectors.o)
                0x0000000040100000                VecBase
                0x000000004010023c                call_user_start
                0x000000004010039e                _xt_user_exit
 *(.entry.text)
 *(.init.literal)
 *(.init)
 *(.iram1.*)
 *fill*         0x00000000401003b2        0x2 
 .iram1.text    0x00000000401003b4      0x1d9 ./build/open_esplibs_libmain.a(user_interface.o)
                                        0x1e8 (size before relaxing)
                0x00000000401003b8                sdk_system_rtc_mem_write
                0x000000004010041c                sdk_system_rtc_mem_read
                0x000000004010049c                sdk_system_restart_in_nmi
 *fill*         0x000000004010058d        0x3 
 .iram1.text    0x0000000040100590      0x394 ./build/open_esplibs_libmain.a(spi_flash.o)
                                        0x478 (size before relaxing)
                0x00000000401005b4                sdk_SPIReadModeCnfig
                0x0000000040100630                sdk_SPIWrite
                0x00000000401006ec                sdk_SPIRead
                0x000000004010071c                sdk_SPIEraseSector
                0x0000000040100774                sdk_spi_flash_get_id
                0x00000000401007d0                sdk_spi_flash_read_status
                0x0000000040100810                sdk_spi_flash_write_status
                0x000000004010084c                sdk_spi_flash_erase_sector
                0x0000000040100880                sdk_spi_flash_write
                0x00000000401008d0                sdk_spi_flash_read
 .iram1.text    0x0000000040100924      0x12d ./build/open_esplibs_libmain.a(os_cpu_a.o)
                                        0x175 (size before relaxing)
                0x0000000040100928                vPortYield
                0x0000000040100960                sdk__xt_int_enter
                0x0000000040100978                sdk__xt_int_exit
                0x00000000401009a8                sdk__xt_timer_int
                0x00000000401009e4                sdk__xt_timer_int1
                0x00000000401009f8                sdk__xt_tick_timer_init
                0x0000000040100a24                sdk__xt_isr_unmask
                0x0000000040100a34                sdk__xt_isr_mask
                0x0000000040100a44                sdk__xt_read_ints
                0x0000000040100a4c                sdk__xt_clear_ints
 *fill*         0x0000000040100a51        0x3 
 .iram1.text    0x0000000040100a54        0xb ./build/open_esplibs_libmain.a(misc.o)
                0x0000000040100a58                sdk_os_get_cpu_frequency
 *fill*         0x0000000040100a5f        0x1 
 .iram1.text    0x0000000040100a60       0x5e ./build/open_esplibs_libnet80211.a(wl_cnx.o)
                                         0x62 (size before relaxing)
                0x0000000040100a64                sdk_cnx_node_search
 *fill*         0x0000000040100abe        0x2 
 .iram1.text    0x0000000040100ac0       0x5d ./build/open_esplibs_libnet80211.a(ieee80211_input.o)
                0x0000000040100acc                sdk_ieee80211_deliver_data
 *fill*         0x0000000040100b1d        0x3 
 .iram1.text    0x0000000040100b20       0x5c ./build/open_esplibs_libwpa.a(os_xtensa.o)
                                         0x68 (size before relaxing)
                0x0000000040100b20                sdk_os_get_time
                0x0000000040100b24                sdk_os_random
                0x0000000040100b34                sdk_os_get_random
 .iram1.text    0x0000000040100b7c       0xd7 ./build/freertos.a(port.o)
                                         0xff (size before relaxing)
                0x0000000040100b84                SV_ISR
                0x0000000040100bcc                vPortEnterCritical
                0x0000000040100bf4                vPortExitCritical
                0x0000000040100c20                PendSV
 *fill*         0x0000000040100c53        0x1 
 .iram1.text    0x0000000040100c54       0xa1 ./build/core.a(esp_interrupts.o)
                                         0xa5 (size before relaxing)
                0x0000000040100c58                _xt_isr_attach
                0x0000000040100c6c                _xt_isr_handler
 *fill*         0x0000000040100cf5        0x3 
 .iram1.text    0x0000000040100cf8      0x2df ./build/core.a(app_main.o)
                                        0x32f (size before relaxing)
                0x0000000040100d20                vApplicationStackOverflowHook
                0x0000000040100d4c                vApplicationIdleHook
                0x0000000040100d70                vApplicationTickHook
                0x0000000040100de0                sdk_user_start
 *fill*         0x0000000040100fd7        0x1 
 .iram1.text    0x0000000040100fd8       0x94 ./build/core.a(sysparam.o)
                                         0xb8 (size before relaxing)
 .iram1.text    0x000000004010106c       0x90 ./build/core.a(debug_dumps.o)
                                         0xa4 (size before relaxing)
                0x00000000401010bc                debug_exception_handler
                0x00000000401010bc                fatal_exception_handler
                0x00000000401010dc                abort
 .iram1.text    0x00000000401010fc       0x67 ./build/core.a(spiflash-cache-enable.o)
                                         0x7b (size before relaxing)
                0x000000004010110c                Cache_Read_Enable
 *fill*         0x0000000040101163        0x1 
 .iram1.text    0x0000000040101164       0x1b ./build/core.a(sdk_compat.o)
                0x0000000040101168                zalloc
 *fill*         0x000000004010117f        0x1 
 .iram1.text    0x0000000040101180       0x34 ./build/core.a(newlib_syscalls.o)
                0x000000004010118c                _sbrk_r
 *fill*         0x00000000401011b4        0x0 
 *fill*         0x00000000401011b4        0x0 
 *fill*         0x00000000401011b4        0x0 
 .iram1.text    0x00000000401011b4       0x3d ./build/open_esplibs_libmain.a(xtensa_context.o)
                0x00000000401011b4                sdk__xt_context_save
                0x00000000401011d0                sdk__xt_context_restore
 *fill*         0x00000000401011f1        0x0 
 *fill*         0x00000000401011f1        0x0 
 *fill*         0x00000000401011f1        0x0 
 *fill*         0x00000000401011f1        0x0 
 *fill*         0x00000000401011f1        0x0 
 *fill*         0x00000000401011f1        0x3 
 .iram1.data    0x00000000401011f4        0x4 ./build/core.a(debug_dumps.o)
 *fill*         0x00000000401011f8        0x0 
 *fill*         0x00000000401011f8        0x0 
 *sdklib*:*(.literal .text .literal.* .text.*)
 .text          0x00000000401011f8       0x90 ./build/sdklib/libmain.a(ets_timer.o)
                                         0xa0 (size before relaxing)
 .text          0x0000000040101288        0xb ./build/sdklib/libnet80211.a(wl_chm.o)
                0x000000004010128c                sdk_chm_get_current_channel
 *fill*         0x0000000040101293        0x1 
 .text          0x0000000040101294       0x4f ./build/sdklib/libphy.a(phy.o)
                                         0x53 (size before relaxing)
                0x000000004010129c                sdk_register_phy_ops
                0x00000000401012bc                sdk_phy_change_channel
                0x00000000401012d8                sdk_phy_get_mactime
 *fill*         0x00000000401012e3        0x1 
 .text          0x00000000401012e4       0xfb ./build/sdklib/libphy.a(phy_sleep.o)
                                        0x103 (size before relaxing)
                0x00000000401012f8                sdk_pm_rtc_clock_cali
                0x00000000401013b4                sdk_clockgate_watchdog
 *fill*         0x00000000401013df        0x1 
 .text          0x00000000401013e0       0x94 ./build/sdklib/libpp.a(esf_buf.o)
                                         0xb4 (size before relaxing)
                0x00000000401013e4                sdk_esf_rx_buf_alloc
 .text          0x0000000040101474     0x14e4 ./build/sdklib/libpp.a(lmac.o)
                                       0x187c (size before relaxing)
                0x0000000040101478                sdk_lmacIsActive
                0x000000004010148c                sdk_lmacIsIdle
                0x00000000401018d8                sdk_lmacSetAcParam
                0x0000000040101974                sdk_lmacProcessTXStartData
                0x0000000040101b1c                sdk_lmacProcessTxSuccess
                0x0000000040101c64                sdk_GetAccess
                0x0000000040101c70                sdk_lmacDiscardAgedMSDU
                0x0000000040101c84                sdk_lmacRecycleMPDU
                0x0000000040102164                sdk_lmacProcessCollisions
                0x00000000401021c0                sdk_lmacProcessCollision
                0x0000000040102244                sdk_lmacMSDUAged
                0x00000000401025c8                sdk_lmacProcessCtsTimeout
                0x0000000040102610                sdk_lmacProcessAckTimeout
                0x0000000040102664                sdk_lmacProcessRtsStart
                0x0000000040102670                sdk_lmacProcessTxRtsError
                0x0000000040102708                sdk_lmacProcessTxError
                0x000000004010278c                sdk_lmacTxFrame
                0x0000000040102940                sdk_lmacRxDone
 .text          0x0000000040102958      0xe6c ./build/sdklib/libpp.a(pp.o)
                                       0x103c (size before relaxing)
                0x0000000040102988                sdk_pp_soft_wdt_feed
                0x0000000040102a9c                sdk_ppProcessTxQ
                0x0000000040102b8c                sdk_ppFetchTxQFirstAvail
                0x0000000040102bcc                sdk_ppDequeueTxQ
                0x0000000040102bf4                sdk_ppRollBackTxQ
                0x0000000040102c18                sdk_ppRecordBarRRC
                0x0000000040102c28                sdk_ppTxqUpdateBitmap
                0x0000000040102c4c                sdk_ppEnqueueTxDone
                0x0000000040102c80                sdk_ppEnqueueRxq
                0x0000000040103448                sdk_ppDiscardMPDU
                0x0000000040103478                sdk_MacIsrSigPostDefHdl
                0x000000004010356c                sdk_pp_post
                0x0000000040103670                sdk_ppCalTxop
                0x0000000040103754                sdk_ppCalFrameTimes
 .text          0x00000000401037c4       0xf5 ./build/sdklib/libpp.a(rate_control.o)
                                        0x109 (size before relaxing)
                0x00000000401037e4                sdk_RC_GetAckRate
                0x00000000401037f0                sdk_RC_GetRtsRate
                0x0000000040103800                sdk_RC_GetAckTime
                0x0000000040103814                sdk_RC_GetCtsTime
                0x000000004010384c                sdk_RC_GetBlockAckTime
 *fill*         0x00000000401038b9        0x3 
 .text          0x00000000401038bc      0x7f9 ./build/sdklib/libpp.a(trc.o)
                                        0x81d (size before relaxing)
                0x0000000040103a34                sdk_rcUpdateTxDone
                0x0000000040103ac8                sdk_rcUpdateRxDone
                0x0000000040103b24                sdk_rcUpdateDataRxDone
                0x0000000040103b3c                sdk_rcGetSched
                0x0000000040103be4                sdk_rcGetRate
                0x0000000040103fe8                sdk_rcReachRetryLimit
                0x0000000040104000                sdk_trc_NeedRTS
 *fill*         0x00000000401040b5        0x3 
 .text          0x00000000401040b8     0x114f ./build/sdklib/libpp.a(wdev.o)
                                       0x1473 (size before relaxing)
                0x000000004010440c                sdk_wDev_MacTimSetFunc
                0x000000004010442c                sdk_wDev_MacTimArm
                0x00000000401044d0                sdk_wDev_MacTim1Arm
                0x00000000401045ac                sdk_wDev_ProcessFiq
                0x0000000040104950                sdk_wDev_EnableTransmit
                0x0000000040104994                sdk_wDev_DisableTransmit
                0x00000000401049b4                sdk_Tx_Copy2Queue
                0x00000000401049fc                sdk_wDev_ProcessCollision
                0x0000000040104a20                sdk_wDev_GetTxqCollisions
                0x0000000040104a30                sdk_wDev_ClearTxqCollisions
                0x0000000040104a4c                sdk_wDev_SetWaitingQueue
                0x0000000040104a98                sdk_wDev_ClearWaitingQueue
                0x0000000040104ab8                sdk_wDev_SetFrameAckType
                0x0000000040104b1c                sdk_wDev_AppendRxBlocks
                0x0000000040104cc4                sdk_wDev_AppendRxAmpduLensBlocks
                0x0000000040104dfc                sdk_wDev_GetBAInfo
 *fill*         0x0000000040105207        0x1 
 .text          0x0000000040105208       0x25 ./build/sdklib/libnet80211.a(ieee80211_hostap.o)
 *fill*         0x000000004010522d        0x0 
 *fill*         0x000000004010522d        0x0 
 *fill*         0x000000004010522d        0x3 
 .text          0x0000000040105230        0x2 ./build/sdklib/libphy.a(phy_chip_v6.o)
                0x0000000040105230                sdk_ram_tx_mac_disable
 *fill*         0x0000000040105232        0x0 
 *fill*         0x0000000040105232        0x0 
 *fill*         0x0000000040105232        0x0 
 *fill*         0x0000000040105232        0x0 
 *fill*         0x0000000040105232        0x2 
 .text          0x0000000040105234       0x11 ./build/sdklib/libwpa.a(wpa_auth.o)
 *libgcc.a:*i3.o(.literal .text .literal.* .text.*)
 *fill*         0x0000000040105245        0x3 
 .literal       0x0000000040105248        0x0 /media/marzipan/Expansion_1/Development/Projects/esp_open_sdk/esp-open-sdk/xtensa-lx106-elf/lib/gcc/xtensa-lx106-elf/4.8.5/libgcc.a(_muldi3.o)
                                          0x4 (size before relaxing)
 .literal       0x0000000040105248        0x0 /media/marzipan/Expansion_1/Development/Projects/esp_open_sdk/esp-open-sdk/xtensa-lx106-elf/lib/gcc/xtensa-lx106-elf/4.8.5/libgcc.a(_divdi3.o)
                                         0x48 (size before relaxing)
 .literal       0x0000000040105248        0x0 /media/marzipan/Expansion_1/Development/Projects/esp_open_sdk/esp-open-sdk/xtensa-lx106-elf/lib/gcc/xtensa-lx106-elf/4.8.5/libgcc.a(_umoddi3.o)
                                         0x40 (size before relaxing)
 .literal       0x0000000040105248        0x4 /media/marzipan/Expansion_1/Development/Projects/superhouse_spi_test_build/esp-open-rtos/libc/xtensa-lx106-elf/lib/libc.a(lib_a-malloc.o)
                                         0x10 (size before relaxing)
 .literal       0x000000004010524c        0x8 /media/marzipan/Expansion_1/Development/Projects/superhouse_spi_test_build/esp-open-rtos/libc/xtensa-lx106-elf/lib/libc.a(lib_a-nano-mallocr.o)
                                         0x20 (size before relaxing)
 .literal       0x0000000040105254        0x0 /media/marzipan/Expansion_1/Development/Projects/superhouse_spi_test_build/esp-open-rtos/libc/xtensa-lx106-elf/lib/libc.a(lib_a-nano-freer.o)
                                          0xc (size before relaxing)
 .literal       0x0000000040105254       0x24 /media/marzipan/Expansion_1/Development/Projects/superhouse_spi_test_build/esp-open-rtos/libc/xtensa-lx106-elf/lib/libc.a(lib_a-rand.o)
                                         0x58 (size before relaxing)
 .literal       0x0000000040105278        0x4 /media/marzipan/Expansion_1/Development/Projects/superhouse_spi_test_build/esp-open-rtos/libc/xtensa-lx106-elf/lib/libc.a(lib_a-mlock.o)
                                         0x10 (size before relaxing)
 .literal       0x000000004010527c        0x0 /media/marzipan/Expansion_1/Development/Projects/superhouse_spi_test_build/esp-open-rtos/libc/xtensa-lx106-elf/lib/libc.a(lib_a-printf.o)
                                         0x14 (size before relaxing)
 .literal       0x000000004010527c        0x0 /media/marzipan/Expansion_1/Development/Projects/superhouse_spi_test_build/esp-open-rtos/libc/xtensa-lx106-elf/lib/libc.a(lib_a-sprintf.o)
                                         0x14 (size before relaxing)
 .literal       0x000000004010527c        0x0 /media/marzipan/Expansion_1/Development/Projects/superhouse_spi_test_build/esp-open-rtos/libc/xtensa-lx106-elf/lib/libc.a(lib_a-fprintf.o)
                                          0xc (size before relaxing)
 .literal       0x000000004010527c       0x20 /media/marzipan/Expansion_1/Development/Projects/superhouse_spi_test_build/esp-open-rtos/libc/xtensa-lx106-elf/lib/libc.a(lib_a-nano-svfprintf.o)
                                         0x54 (size before relaxing)
 .literal       0x000000004010529c       0x28 /media/marzipan/Expansion_1/Development/Projects/superhouse_spi_test_build/esp-open-rtos/libc/xtensa-lx106-elf/lib/libc.a(lib_a-nano-vfprintf.o)
                                         0x60 (size before relaxing)
 .literal       0x00000000401052c4       0x34 /media/marzipan/Expansion_1/Development/Projects/superhouse_spi_test_build/esp-open-rtos/libc/xtensa-lx106-elf/lib/libc.a(lib_a-findfp.o)
                                         0x80 (size before relaxing)
 .literal       0x00000000401052f8        0x8 /media/marzipan/Expansion_1/Development/Projects/superhouse_spi_test_build/esp-open-rtos/libc/xtensa-lx106-elf/lib/libc.a(lib_a-fputwc.o)
                                         0x2c (size before relaxing)
 .text          0x0000000040105300       0x36 /media/marzipan/Expansion_1/Development/Projects/esp_open_sdk/esp-open-sdk/xtensa-lx106-elf/lib/gcc/xtensa-lx106-elf/4.8.5/libgcc.a(_muldi3.o)
                0x0000000040105300                __muldi3
 *fill*         0x0000000040105336        0x2 
 .text          0x0000000040105338      0x3eb /media/marzipan/Expansion_1/Development/Projects/esp_open_sdk/esp-open-sdk/xtensa-lx106-elf/lib/gcc/xtensa-lx106-elf/4.8.5/libgcc.a(_divdi3.o)
                                        0x41b (size before relaxing)
                0x0000000040105338                __divdi3
 *fill*         0x0000000040105723        0x1 
 .text          0x0000000040105724      0x33a /media/marzipan/Expansion_1/Development/Projects/esp_open_sdk/esp-open-sdk/xtensa-lx106-elf/lib/gcc/xtensa-lx106-elf/4.8.5/libgcc.a(_umoddi3.o)
                                        0x366 (size before relaxing)
                0x0000000040105724                __umoddi3
 *fill*         0x0000000040105a5e        0x2 
 .text          0x0000000040105a60       0x64 /media/marzipan/Expansion_1/Development/Projects/esp_open_sdk/esp-open-sdk/xtensa-lx106-elf/lib/gcc/xtensa-lx106-elf/4.8.5/libgcc.a(_divsi3.o)
                0x0000000040105a60                __divsi3
 .text          0x0000000040105ac4       0x4c /media/marzipan/Expansion_1/Development/Projects/esp_open_sdk/esp-open-sdk/xtensa-lx106-elf/lib/gcc/xtensa-lx106-elf/4.8.5/libgcc.a(_udivsi3.o)
                0x0000000040105ac4                __udivsi3
 .text          0x0000000040105b10       0x39 /media/marzipan/Expansion_1/Development/Projects/esp_open_sdk/esp-open-sdk/xtensa-lx106-elf/lib/gcc/xtensa-lx106-elf/4.8.5/libgcc.a(_umodsi3.o)
                0x0000000040105b10                __umodsi3
 *fill*         0x0000000040105b49        0x3 
 .text          0x0000000040105b4c       0x49 /media/marzipan/Expansion_1/Development/Projects/esp_open_sdk/esp-open-sdk/xtensa-lx106-elf/lib/gcc/xtensa-lx106-elf/4.8.5/libgcc.a(_modsi3.o)
                0x0000000040105b4c                __modsi3
 *fill*         0x0000000040105b95        0x3 
 .text          0x0000000040105b98       0x18 /media/marzipan/Expansion_1/Development/Projects/esp_open_sdk/esp-open-sdk/xtensa-lx106-elf/lib/gcc/xtensa-lx106-elf/4.8.5/libgcc.a(_ashrdi3.o)
                0x0000000040105b98                __ashrdi3
 *fill*         0x0000000040105bb0        0x0 
 *fill*         0x0000000040105bb0        0x0 
 *fill*         0x0000000040105bb0        0x0 
 .text          0x0000000040105bb0       0x48 /media/marzipan/Expansion_1/Development/Projects/esp_open_sdk/esp-open-sdk/xtensa-lx106-elf/lib/gcc/xtensa-lx106-elf/4.8.5/libgcc.a(_umulsidi3.o)
                0x0000000040105bb0                __umulsidi3
 *libc.a:*malloc.o(.literal .text .literal.* .text.*)
 .text          0x0000000040105bf8       0x35 /media/marzipan/Expansion_1/Development/Projects/superhouse_spi_test_build/esp-open-rtos/libc/xtensa-lx106-elf/lib/libc.a(lib_a-malloc.o)
                0x0000000040105bf8                malloc
                0x0000000040105c14                free
 *libc.a:*mallocr.o(.literal .text .literal.* .text.*)
 *fill*         0x0000000040105c2d        0x3 
 .text          0x0000000040105c30       0xed /media/marzipan/Expansion_1/Development/Projects/superhouse_spi_test_build/esp-open-rtos/libc/xtensa-lx106-elf/lib/libc.a(lib_a-nano-mallocr.o)
                                         0xf1 (size before relaxing)
                0x0000000040105c30                _malloc_r
 *fill*         0x0000000040105d1d        0x0 
 *libc.a:*freer.o(.literal .text .literal.* .text.*)
 *fill*         0x0000000040105d1d        0x3 
 .text          0x0000000040105d20       0xb1 /media/marzipan/Expansion_1/Development/Projects/superhouse_spi_test_build/esp-open-rtos/libc/xtensa-lx106-elf/lib/libc.a(lib_a-nano-freer.o)
                0x0000000040105d20                _free_r
 *fill*         0x0000000040105dd1        0x0 
 *libc.a:*memcpy.o(.literal .text .literal.* .text.*)
 *fill*         0x0000000040105dd1        0x3 
 .text          0x0000000040105dd4      0x145 /media/marzipan/Expansion_1/Development/Projects/superhouse_spi_test_build/esp-open-rtos/libc/xtensa-lx106-elf/lib/libc.a(lib_a-memcpy.o)
                0x0000000040105e18                memcpy
 *libc.a:*memset.o(.literal .text .literal.* .text.*)
 *fill*         0x0000000040105f19        0x3 
 .text          0x0000000040105f1c       0x7c /media/marzipan/Expansion_1/Development/Projects/superhouse_spi_test_build/esp-open-rtos/libc/xtensa-lx106-elf/lib/libc.a(lib_a-memset.o)
                0x0000000040105f48                memset
 *libc.a:*memcmp.o(.literal .text .literal.* .text.*)
 .text          0x0000000040105f98       0x23 /media/marzipan/Expansion_1/Development/Projects/superhouse_spi_test_build/esp-open-rtos/libc/xtensa-lx106-elf/lib/libc.a(lib_a-memcmp.o)
                0x0000000040105f98                memcmp
 *libc.a:*memmove.o(.literal .text .literal.* .text.*)
 *fill*         0x0000000040105fbb        0x1 
 .text          0x0000000040105fbc       0x3b /media/marzipan/Expansion_1/Development/Projects/superhouse_spi_test_build/esp-open-rtos/libc/xtensa-lx106-elf/lib/libc.a(lib_a-memmove.o)
                0x0000000040105fbc                memmove
 *libc.a:*rand.o(.literal .text .literal.* .text.*)
 *fill*         0x0000000040105ff7        0x1 
 .text          0x0000000040105ff8       0xdd /media/marzipan/Expansion_1/Development/Projects/superhouse_spi_test_build/esp-open-rtos/libc/xtensa-lx106-elf/lib/libc.a(lib_a-rand.o)
                                         0xe1 (size before relaxing)
                0x0000000040105ff8                srand
                0x000000004010605c                rand
 *fill*         0x00000000401060d5        0x0 
 *libc.a:*bzero.o(.literal .text .literal.* .text.*)
 *fill*         0x00000000401060d5        0x3 
 .text          0x00000000401060d8       0x12 /media/marzipan/Expansion_1/Development/Projects/superhouse_spi_test_build/esp-open-rtos/libc/xtensa-lx106-elf/lib/libc.a(lib_a-bzero.o)
                0x00000000401060d8                bzero
 *libc.a:*lock.o(.literal .text .literal.* .text.*)
 *fill*         0x00000000401060ea        0x2 
 .text          0x00000000401060ec       0x2d /media/marzipan/Expansion_1/Development/Projects/superhouse_spi_test_build/esp-open-rtos/libc/xtensa-lx106-elf/lib/libc.a(lib_a-mlock.o)
                0x00000000401060ec                __malloc_lock
                0x0000000040106104                __malloc_unlock
 *fill*         0x0000000040106119        0x3 
 .text          0x000000004010611c        0x8 /media/marzipan/Expansion_1/Development/Projects/superhouse_spi_test_build/esp-open-rtos/libc/xtensa-lx106-elf/lib/libc.a(lock.o)
                0x000000004010611c                _lock_close_recursive
                0x000000004010611c                __dummy_lock
                0x000000004010611c                _lock_init_recursive
                0x000000004010611c                _lock_close
                0x000000004010611c                _lock_init
                0x0000000040106120                __dummy_lock_try
 *libc.a:*printf.o(.literal .text .literal.* .text.*)
 .text          0x0000000040106124       0x99 /media/marzipan/Expansion_1/Development/Projects/superhouse_spi_test_build/esp-open-rtos/libc/xtensa-lx106-elf/lib/libc.a(lib_a-printf.o)
                0x0000000040106124                _printf_r
                0x0000000040106124                _iprintf_r
                0x0000000040106170                printf
                0x0000000040106170                iprintf
 *fill*         0x00000000401061bd        0x3 
 .text          0x00000000401061c0       0xb5 /media/marzipan/Expansion_1/Development/Projects/superhouse_spi_test_build/esp-open-rtos/libc/xtensa-lx106-elf/lib/libc.a(lib_a-sprintf.o)
                                         0xb9 (size before relaxing)
                0x00000000401061c0                _siprintf_r
                0x00000000401061c0                _sprintf_r
                0x0000000040106218                sprintf
                0x0000000040106218                siprintf
 *fill*         0x0000000040106275        0x3 
 .text          0x0000000040106278       0x57 /media/marzipan/Expansion_1/Development/Projects/superhouse_spi_test_build/esp-open-rtos/libc/xtensa-lx106-elf/lib/libc.a(lib_a-fprintf.o)
                                         0x5b (size before relaxing)
                0x0000000040106278                _fprintf_r
                0x0000000040106278                _fiprintf_r
                0x000000004010629c                fprintf
                0x000000004010629c                fiprintf
 *fill*         0x00000000401062cf        0x1 
 .text          0x00000000401062d0      0x4b1 /media/marzipan/Expansion_1/Development/Projects/superhouse_spi_test_build/esp-open-rtos/libc/xtensa-lx106-elf/lib/libc.a(lib_a-nano-svfprintf.o)
                                        0x4b5 (size before relaxing)
                0x00000000401062d0                __ssputs_r
                0x00000000401063c8                __ssprint_r
                0x00000000401064fc                _svfprintf_r
                0x00000000401064fc                _svfiprintf_r
 *fill*         0x0000000040106781        0x3 
 .text          0x0000000040106784      0x447 /media/marzipan/Expansion_1/Development/Projects/superhouse_spi_test_build/esp-open-rtos/libc/xtensa-lx106-elf/lib/libc.a(lib_a-nano-vfprintf.o)
                                        0x44b (size before relaxing)
                0x00000000401067bc                __sfputs_r
                0x000000004010682c                __sprint_r
                0x00000000401068bc                _vfiprintf_r
                0x00000000401068bc                _vfprintf_r
                0x0000000040106ba4                vfiprintf
                0x0000000040106ba4                vfprintf
 *fill*         0x0000000040106bcb        0x0 
 *fill*         0x0000000040106bcb        0x0 
 *fill*         0x0000000040106bcb        0x0 
 *fill*         0x0000000040106bcb        0x0 
 *fill*         0x0000000040106bcb        0x0 
 *libc.a:*findfp.o(.literal .text .literal.* .text.*)
 *fill*         0x0000000040106bcb        0x1 
 .text          0x0000000040106bcc      0x2ae /media/marzipan/Expansion_1/Development/Projects/superhouse_spi_test_build/esp-open-rtos/libc/xtensa-lx106-elf/lib/libc.a(lib_a-findfp.o)
                                        0x2c6 (size before relaxing)
                0x0000000040106bcc                _cleanup_r
                0x0000000040106c68                __sfmoreglue
                0x0000000040106cac                _cleanup
                0x0000000040106cc0                __sfp_lock_acquire
                0x0000000040106cd8                __sfp_lock_release
                0x0000000040106cf0                __sinit_lock_acquire
                0x0000000040106d08                __sinit_lock_release
                0x0000000040106d20                __sinit
                0x0000000040106d90                __sfp
                0x0000000040106e3c                __fp_lock_all
                0x0000000040106e5c                __fp_unlock_all
 *fill*         0x0000000040106e7a        0x0 
 *libc.a:*fputwc.o(.literal .text .literal.* .text.*)
 *fill*         0x0000000040106e7a        0x2 
 .text          0x0000000040106e7c      0x196 /media/marzipan/Expansion_1/Development/Projects/superhouse_spi_test_build/esp-open-rtos/libc/xtensa-lx106-elf/lib/libc.a(lib_a-fputwc.o)
                                        0x19e (size before relaxing)
                0x0000000040106e7c                __fputwc
                0x0000000040106f4c                _fputwc_r
                0x0000000040106fbc                fputwc
 *fill*         0x0000000040107012        0x0 
 *(.stub .gnu.warning .gnu.linkonce.literal.* .gnu.linkonce.t.*.literal .gnu.linkonce.t.*)
 *(.fini.literal)
 *(.fini)
 *(.gnu.version)
                0x0000000040107012                _text_end = ABSOLUTE (.)
                0x0000000040107012                _etext = .

.data           0x000000003ffe8000      0x898
                0x000000003ffe8000                _data_start = ABSOLUTE (.)
 *(.data)
 .data          0x000000003ffe8000        0x8 ./build/core.a(spiflash-cache-enable.o)
                0x000000003ffe8000                rboot_megabyte
 .data          0x000000003ffe8008       0xf4 /media/marzipan/Expansion_1/Development/Projects/superhouse_spi_test_build/esp-open-rtos/libc/xtensa-lx106-elf/lib/libc.a(lib_a-impure.o)
                0x000000003ffe8008                _impure_ptr
 .data          0x000000003ffe80fc        0x4 /media/marzipan/Expansion_1/Development/Projects/superhouse_spi_test_build/esp-open-rtos/libc/xtensa-lx106-elf/lib/libc.a(lib_a-ctype_.o)
                0x000000003ffe80fc                __ctype_ptr__
 .data          0x000000003ffe8100       0x7c /media/marzipan/Expansion_1/Development/Projects/superhouse_spi_test_build/esp-open-rtos/libc/xtensa-lx106-elf/lib/libc.a(lib_a-locale.o)
                0x000000003ffe8178                __mb_cur_max
 .data          0x000000003ffe817c        0x4 /media/marzipan/Expansion_1/Development/Projects/superhouse_spi_test_build/esp-open-rtos/libc/xtensa-lx106-elf/lib/libc.a(lib_a-wctomb_r.o)
                0x000000003ffe817c                __wctomb
 .data          0x000000003ffe8180        0x1 ./build/sdklib/libmain.a(user_interface.o)
 *fill*         0x000000003ffe8181        0x3 
 .data          0x000000003ffe8184      0x1a8 ./build/sdklib/libnet80211.a(ieee80211_phy.o)
 *fill*         0x000000003ffe832c        0x4 
 .data          0x000000003ffe8330        0x6 ./build/sdklib/libnet80211.a(ieee80211_proto.o)
                0x000000003ffe8330                sdk_ieee80211_addr_bcast
 *fill*         0x000000003ffe8336        0x2 
 .data          0x000000003ffe8338       0x1c ./build/sdklib/libnet80211.a(ieee80211_action.o)
 *fill*         0x000000003ffe8354        0xc 
 .data          0x000000003ffe8360       0x53 ./build/sdklib/libphy.a(phy_chip_v6.o)
                0x000000003ffe8362                sdk_tx_rf_ana_gain
                0x000000003ffe8384                sdk_tx_pwctrl_atten_init_en
                0x000000003ffe8390                sdk_rx_gain_swp
                0x000000003ffe83b0                sdk_test_rffreq_txcap
 *fill*         0x000000003ffe83b3        0xd 
 .data          0x000000003ffe83c0       0x90 ./build/sdklib/libphy.a(phy_chip_v6_cal.o)
                0x000000003ffe83c0                sdk_dpd_index
                0x000000003ffe8420                sdk_dpd_db2linear
 .data          0x000000003ffe8450        0x4 ./build/sdklib/libphy.a(phy_sleep.o)
                0x000000003ffe8450                sdk_chip_version
 .data          0x000000003ffe8454      0x11c ./build/sdklib/libphy.a(phy_chip_v5_romfunc.o)
                0x000000003ffe8454                sdk_g_phyFuns
                0x000000003ffe8458                sdk_g_phyFuns_instance
 .data          0x000000003ffe8570        0x7 ./build/sdklib/libphy.a(phy_chip_v5_cal_romfunc.o)
 *fill*         0x000000003ffe8577        0x1 
 .data          0x000000003ffe8578        0x1 ./build/sdklib/libpp.a(pm.o)
 *fill*         0x000000003ffe8579        0x3 
 .data          0x000000003ffe857c       0x10 ./build/sdklib/libpp.a(pp.o)
                0x000000003ffe857c                sdk_NoiseTimerInterval
                0x000000003ffe8584                sdk_sleep_start_wait_time
 *fill*         0x000000003ffe858c        0x4 
 .data          0x000000003ffe8590       0x40 ./build/sdklib/libpp.a(rate_control.o)
 .data          0x000000003ffe85d0      0x22c ./build/sdklib/libpp.a(trc.o)
 *fill*         0x000000003ffe87fc        0x4 
 .data          0x000000003ffe8800       0x10 ./build/sdklib/libpp.a(wdev.o)
 .data          0x000000003ffe8810       0x18 ./build/sdklib/libnet80211.a(ieee80211_crypto_ccmp.o)
                0x000000003ffe8810                sdk_ccmp
 .data          0x000000003ffe8828       0x18 ./build/sdklib/libnet80211.a(ieee80211_crypto_tkip.o)
                0x000000003ffe8828                sdk_tkip
 .data          0x000000003ffe8840       0x18 ./build/sdklib/libnet80211.a(ieee80211_crypto_wep.o)
                0x000000003ffe8840                sdk_wep
 *(.data.*)
 .data.sdk_dhcpc_flag
                0x000000003ffe8858        0x4 ./build/open_esplibs_libmain.a(user_interface.o)
                0x000000003ffe8858                sdk_dhcpc_flag
 .data.sdk_flashchip
                0x000000003ffe885c       0x18 ./build/open_esplibs_libmain.a(spi_flash.o)
                0x000000003ffe885c                sdk_flashchip
 .data.cpu_freq
                0x000000003ffe8874        0x4 ./build/open_esplibs_libmain.a(misc.o)
 .data.xid$3738
                0x000000003ffe8878        0x4 ./build/lwip.a(dhcp.o)
 .data.iss$4763
                0x000000003ffe887c        0x4 ./build/lwip.a(tcp.o)
 .data.tcp_port
                0x000000003ffe8880        0x2 ./build/lwip.a(tcp.o)
 .data.udp_port
                0x000000003ffe8882        0x2 ./build/lwip.a(udp.o)
 .data.AP_PSK   0x000000003ffe8884        0xb ./build/program.a(main.o)
                0x000000003ffe8884                AP_PSK
 *fill*         0x000000003ffe888f        0x1 
 .data.AP_SSID  0x000000003ffe8890        0x4 ./build/program.a(main.o)
                0x000000003ffe8890                AP_SSID
 .data.current_stdout_write_r
                0x000000003ffe8894        0x4 ./build/core.a(newlib_syscalls.o)
 *(.gnu.linkonce.d.*)
 *(.data1)
 *(.sdata)
 *(.sdata.*)
 *(.gnu.linkonce.s.*)
 *(.sdata2)
 *(.sdata2.*)
 *(.gnu.linkonce.s2.*)
 *(.jcr)
                0x000000003ffe8898                _data_end = ABSOLUTE (.)

.rodata         0x000000003ffe8898      0x7cc
                0x000000003ffe8898                _rodata_start = ABSOLUTE (.)
 *core.a:*(.rodata.* .rodata)
 .rodata.str1.4
                0x000000003ffe8898      0x19f ./build/core.a(app_main.o)
 *fill*         0x000000003ffe8a37        0x1 
 .rodata.CSWTCH$28
                0x000000003ffe8a38       0x10 ./build/core.a(app_main.o)
 .rodata.CSWTCH$27
                0x000000003ffe8a48       0x40 ./build/core.a(app_main.o)
 .rodata.str1.4
                0x000000003ffe8a88      0x1cc ./build/core.a(debug_dumps.o)
 .rodata        0x000000003ffe8c54       0x1c ./build/core.a(exception_vectors.o)
 *libc.a:*.o(.rodata.* .rodata)
 .rodata        0x000000003ffe8c70        0x4 /media/marzipan/Expansion_1/Development/Projects/superhouse_spi_test_build/esp-open-rtos/libc/xtensa-lx106-elf/lib/libc.a(lib_a-impure.o)
                0x000000003ffe8c70                _global_impure_ptr
 .rodata.str1.1
                0x000000003ffe8c74        0x2 /media/marzipan/Expansion_1/Development/Projects/superhouse_spi_test_build/esp-open-rtos/libc/xtensa-lx106-elf/lib/libc.a(lib_a-impure.o)
 .rodata.str1.1
                0x000000003ffe8c76       0x21 /media/marzipan/Expansion_1/Development/Projects/superhouse_spi_test_build/esp-open-rtos/libc/xtensa-lx106-elf/lib/libc.a(lib_a-mstats.o)
 .rodata.str1.1
                0x000000003ffe8c97       0x4b /media/marzipan/Expansion_1/Development/Projects/superhouse_spi_test_build/esp-open-rtos/libc/xtensa-lx106-elf/lib/libc.a(lib_a-nano-mallstatsr.o)
 .rodata.str1.1
                0x000000003ffe8ce2       0x12 /media/marzipan/Expansion_1/Development/Projects/superhouse_spi_test_build/esp-open-rtos/libc/xtensa-lx106-elf/lib/libc.a(lib_a-nano-vfprintf_float.o)
 .rodata.str1.1
                0x000000003ffe8cf4       0x22 /media/marzipan/Expansion_1/Development/Projects/superhouse_spi_test_build/esp-open-rtos/libc/xtensa-lx106-elf/lib/libc.a(lib_a-nano-vfprintf_i.o)
 .rodata.str1.1
                0x000000003ffe8d16        0x5 /media/marzipan/Expansion_1/Development/Projects/superhouse_spi_test_build/esp-open-rtos/libc/xtensa-lx106-elf/lib/libc.a(lib_a-nano-vfscanf_float.o)
 .rodata.str1.1
                0x000000003ffe8d1b        0x5 /media/marzipan/Expansion_1/Development/Projects/superhouse_spi_test_build/esp-open-rtos/libc/xtensa-lx106-elf/lib/libc.a(lib_a-puts.o)
                                          0x2 (size before relaxing)
 .rodata.str1.1
                0x000000003ffe8d1b        0x5 /media/marzipan/Expansion_1/Development/Projects/superhouse_spi_test_build/esp-open-rtos/libc/xtensa-lx106-elf/lib/libc.a(lib_a-strtod.o)
                                          0xc (size before relaxing)
 *fill*         0x000000003ffe8d1b        0x5 
 .rodata        0x000000003ffe8d20       0x70 /media/marzipan/Expansion_1/Development/Projects/superhouse_spi_test_build/esp-open-rtos/libc/xtensa-lx106-elf/lib/libc.a(lib_a-strtod.o)
 .rodata        0x000000003ffe8d90      0x101 /media/marzipan/Expansion_1/Development/Projects/superhouse_spi_test_build/esp-open-rtos/libc/xtensa-lx106-elf/lib/libc.a(lib_a-ctype_.o)
                0x000000003ffe8d90                _ctype_
 .rodata.str1.1
                0x000000003ffe8e91        0xd /media/marzipan/Expansion_1/Development/Projects/superhouse_spi_test_build/esp-open-rtos/libc/xtensa-lx106-elf/lib/libc.a(lib_a-dtoa.o)
                                          0xf (size before relaxing)
 *fill*         0x000000003ffe8e9e        0x2 
 .rodata        0x000000003ffe8ea0       0x60 /media/marzipan/Expansion_1/Development/Projects/superhouse_spi_test_build/esp-open-rtos/libc/xtensa-lx106-elf/lib/libc.a(lib_a-findfp.o)
                0x000000003ffe8ea0                __sf_fake_stderr
                0x000000003ffe8ec0                __sf_fake_stdout
                0x000000003ffe8ee0                __sf_fake_stdin
 .rodata.str1.1
                0x000000003ffe8f00        0x8 /media/marzipan/Expansion_1/Development/Projects/superhouse_spi_test_build/esp-open-rtos/libc/xtensa-lx106-elf/lib/libc.a(lib_a-locale.o)
                                          0xb (size before relaxing)
 .rodata        0x000000003ffe8f08      0x128 /media/marzipan/Expansion_1/Development/Projects/superhouse_spi_test_build/esp-open-rtos/libc/xtensa-lx106-elf/lib/libc.a(lib_a-mprec.o)
                0x000000003ffe8f18                __mprec_tinytens
                0x000000003ffe8f40                __mprec_bigtens
                0x000000003ffe8f68                __mprec_tens
 .rodata.str1.1
                0x000000003ffe9030       0x11 /media/marzipan/Expansion_1/Development/Projects/superhouse_spi_test_build/esp-open-rtos/libc/xtensa-lx106-elf/lib/libc.a(lib_a-nano-svfprintf.o)
 .rodata.str1.1
                0x000000003ffe9041       0x11 /media/marzipan/Expansion_1/Development/Projects/superhouse_spi_test_build/esp-open-rtos/libc/xtensa-lx106-elf/lib/libc.a(lib_a-nano-vfprintf.o)
 *freertos.a:*(.rodata.* .rodata)
 *fill*         0x000000003ffe9041        0x3 
 .rodata.str1.4
                0x000000003ffe9044        0x5 ./build/freertos.a(tasks.o)
 *fill*         0x000000003ffe9049        0x3 
 .rodata.str1.4
                0x000000003ffe904c        0x8 ./build/freertos.a(timers.o)
 *libmain.a:spi_flash.o(.rodata.* .rodata)
 *libpp.a:wdev.o(.rodata.* .rodata)
 .rodata.str1.4
                0x000000003ffe9054       0x10 ./build/sdklib/libpp.a(wdev.o)
                                          0xf (size before relaxing)
                0x000000003ffe9064                _rodata_end = ABSOLUTE (.)

.bss            0x000000003ffe9068     0x83d0
                0x000000003ffe9068                . = ALIGN (0x8)
                0x000000003ffe9068                _bss_start = ABSOLUTE (.)
 *(.dynsbss)
 *(.sbss)
 *(.sbss.*)
 *(.gnu.linkonce.sb.*)
 *(.scommon)
 *(.sbss2)
 *(.sbss2.*)
 *(.gnu.linkonce.sb2.*)
 *(.dynbss)
 *(.bss)
 *fill*         0x000000003ffe9068        0x8 
 .bss           0x000000003ffe9070      0x228 ./build/core.a(exception_vectors.o)
                0x000000003ffe9284                debug_saved_ctx
 .bss           0x000000003ffe9298       0x28 /media/marzipan/Expansion_1/Development/Projects/superhouse_spi_test_build/esp-open-rtos/libc/xtensa-lx106-elf/lib/libc.a(lib_a-nano-mallinfor.o)
                0x000000003ffe9298                __malloc_current_mallinfo
 .bss           0x000000003ffe92c0        0x8 /media/marzipan/Expansion_1/Development/Projects/superhouse_spi_test_build/esp-open-rtos/libc/xtensa-lx106-elf/lib/libc.a(lib_a-nano-mallocr.o)
                0x000000003ffe92c0                __malloc_sbrk_start
                0x000000003ffe92c4                __malloc_free_list
 .bss           0x000000003ffe92c8        0x8 /media/marzipan/Expansion_1/Development/Projects/superhouse_spi_test_build/esp-open-rtos/libc/xtensa-lx106-elf/lib/libc.a(lib_a-findfp.o)
 .bss           0x000000003ffe92d0        0x4 /media/marzipan/Expansion_1/Development/Projects/superhouse_spi_test_build/esp-open-rtos/libc/xtensa-lx106-elf/lib/libc.a(lib_a-mlock.o)
 *fill*         0x000000003ffe92d4        0xc 
 .bss           0x000000003ffe92e0       0x40 ./build/sdklib/libmain.a(ets_timer.o)
                0x000000003ffe92e8                sdk_debug_timer
                0x000000003ffe92ec                sdk_debug_timerfn
 .bss           0x000000003ffe9320      0x131 ./build/sdklib/libmain.a(user_interface.o)
 *fill*         0x000000003ffe9451        0x3 
 .bss           0x000000003ffe9454      0x54c ./build/sdklib/libnet80211.a(ieee80211.o)
                0x000000003ffe9454                sdk_g_ic
                0x000000003ffe999c                sdk_xieee80211Queue
 .bss           0x000000003ffe99a0       0x28 ./build/sdklib/libnet80211.a(ieee80211_hostap.o)
                0x000000003ffe99c0                sdk_TmpSTAAPCloseAP
                0x000000003ffe99c1                sdk_PendFreeBcnEb
 .bss           0x000000003ffe99c8       0xe4 ./build/sdklib/libnet80211.a(ieee80211_scan.o)
                0x000000003ffe99c8                sdk_gScanStruct
                0x000000003ffe9a8c                sdk_auth_type
                0x000000003ffe9a8e                sdk_scannum
 .bss           0x000000003ffe9aac       0x44 ./build/sdklib/libnet80211.a(wl_chm.o)
 .bss           0x000000003ffe9af0      0x780 ./build/sdklib/libnet80211.a(wl_cnx.o)
 .bss           0x000000003ffea270        0x4 ./build/sdklib/libphy.a(phy.o)
 *fill*         0x000000003ffea274        0xc 
 .bss           0x000000003ffea280      0x38b ./build/sdklib/libphy.a(phy_chip_v6.o)
                0x000000003ffea280                sdk_rxiq_compute_num
                0x000000003ffea284                sdk_rxdc_init_flag
                0x000000003ffea288                sdk_check_result
                0x000000003ffea28c                sdk_chip6_sleep_params
                0x000000003ffea464                sdk_chip6_phy_init_ctrl
                0x000000003ffea4d2                sdk_phy_freq_offset
                0x000000003ffea4d4                sdk_do_pwctrl_flag
                0x000000003ffea4d5                sdk_pwctrl_debug
                0x000000003ffea4d6                sdk_txbk_dpdby_flag
                0x000000003ffea4d8                sdk_sw_scan_mode
                0x000000003ffea4ec                sdk_periodic_cal_dc_num
                0x000000003ffea4f0                sdk_periodic_cal_flag
                0x000000003ffea4f1                sdk_bbpll_cal_flag
                0x000000003ffea4f2                sdk_deep_sleep_en
                0x000000003ffea4f8                sdk_noise_array
                0x000000003ffea600                sdk_tx_pwctrl_atten_init
 *fill*         0x000000003ffea60b        0x1 
 .bss           0x000000003ffea60c        0x6 ./build/sdklib/libphy.a(phy_chip_v6_cal.o)
                0x000000003ffea60c                sdk_loop_pwctrl_pwdet_error_accum_high_power
                0x000000003ffea60e                sdk_tx_pwctrl_pk_num
                0x000000003ffea60f                sdk_loop_pwctrl_correct_atten_high_power
                0x000000003ffea610                sdk_tx_pwctrl_set_chan_flag
                0x000000003ffea611                sdk_rxiq_cover_fail_num
 *fill*         0x000000003ffea612        0x2 
 .bss           0x000000003ffea614        0x4 ./build/sdklib/libphy.a(phy_sleep.o)
                0x000000003ffea614                sdk_periodic_cal_sat
                0x000000003ffea615                sdk_software_slp_reject
                0x000000003ffea616                sdk_SDIO_slp_reject
                0x000000003ffea617                sdk_hardware_reject
 *fill*         0x000000003ffea618        0x8 
 .bss           0x000000003ffea620     0x11e8 ./build/sdklib/libpp.a(esf_buf.o)
 *fill*         0x000000003ffeb808        0x8 
 .bss           0x000000003ffeb810       0x30 ./build/sdklib/libpp.a(if_hwctrl.o)
                0x000000003ffeb810                sdk_interface_mask
                0x000000003ffeb820                sdk_if_ctrl
 .bss           0x000000003ffeb840      0x150 ./build/sdklib/libpp.a(lmac.o)
                0x000000003ffeb844                sdk_lmacConfMib
 .bss           0x000000003ffeb990      0x149 ./build/sdklib/libpp.a(pm.o)
 *fill*         0x000000003ffebad9        0x7 
 .bss           0x000000003ffebae0      0x352 ./build/sdklib/libpp.a(pp.o)
                0x000000003ffebb08                sdk_pend_flag_noise_check
                0x000000003ffebb10                sdk_pend_flag_periodic_cal
                0x000000003ffebb34                sdk_dbg_stop_sw_wdt
                0x000000003ffebb35                sdk_dbg_stop_hw_wdt
 *fill*         0x000000003ffebe32        0xe 
 .bss           0x000000003ffebe40      0x100 ./build/sdklib/libpp.a(rate_control.o)
 .bss           0x000000003ffebf40      0x268 ./build/sdklib/libpp.a(trc.o)
 *fill*         0x000000003ffec1a8        0x8 
 .bss           0x000000003ffec1b0     0x4721 ./build/sdklib/libpp.a(wdev.o)
                0x000000003ffec1b0                sdk_wDevCtrl
                0x000000003ffec354                sdk_NMIIrqIsOn
                0x000000003ffec358                sdk_WdevTimOffSet
 *fill*         0x000000003fff08d1        0xf 
 .bss           0x000000003fff08e0      0x27a ./build/sdklib/libwpa.a(wpa.o)
 *fill*         0x000000003fff0b5a        0x6 
 .bss           0x000000003fff0b60       0xb0 ./build/sdklib/libwpa.a(aes-internal-dec.o)
 .bss           0x000000003fff0c10        0x8 ./build/sdklib/libnet80211.a(ieee80211_crypto_tkip.o)
 *(.bss.*)
 .bss.armed_timer_count
                0x000000003fff0c18        0x1 ./build/open_esplibs_libmain.a(timers.o)
 *fill*         0x000000003fff0c19        0x3 
 .bss.timer_list
                0x000000003fff0c1c        0x4 ./build/open_esplibs_libmain.a(timers.o)
 .bss.uxSchedulerSuspended
                0x000000003fff0c20        0x4 ./build/freertos.a(tasks.o)
 .bss.xIdleTaskHandle
                0x000000003fff0c24        0x4 ./build/freertos.a(tasks.o)
 .bss.xNextTaskUnblockTime
                0x000000003fff0c28        0x4 ./build/freertos.a(tasks.o)
 .bss.uxTaskNumber
                0x000000003fff0c2c        0x4 ./build/freertos.a(tasks.o)
 .bss.xNumOfOverflows
                0x000000003fff0c30        0x4 ./build/freertos.a(tasks.o)
 .bss.xYieldPending
                0x000000003fff0c34        0x4 ./build/freertos.a(tasks.o)
 .bss.uxPendedTicks
                0x000000003fff0c38        0x4 ./build/freertos.a(tasks.o)
 .bss.xSchedulerRunning
                0x000000003fff0c3c        0x4 ./build/freertos.a(tasks.o)
 .bss.uxTopReadyPriority
                0x000000003fff0c40        0x4 ./build/freertos.a(tasks.o)
 .bss.xTickCount
                0x000000003fff0c44        0x4 ./build/freertos.a(tasks.o)
 .bss.uxCurrentNumberOfTasks
                0x000000003fff0c48        0x4 ./build/freertos.a(tasks.o)
 .bss.xSuspendedTaskList
                0x000000003fff0c4c       0x14 ./build/freertos.a(tasks.o)
 .bss.uxDeletedTasksWaitingCleanUp
                0x000000003fff0c60        0x4 ./build/freertos.a(tasks.o)
 .bss.xTasksWaitingTermination
                0x000000003fff0c64       0x14 ./build/freertos.a(tasks.o)
 .bss.xPendingReadyList
                0x000000003fff0c78       0x14 ./build/freertos.a(tasks.o)
 .bss.pxOverflowDelayedTaskList
                0x000000003fff0c8c        0x4 ./build/freertos.a(tasks.o)
 .bss.pxDelayedTaskList
                0x000000003fff0c90        0x4 ./build/freertos.a(tasks.o)
 .bss.xDelayedTaskList2
                0x000000003fff0c94       0x14 ./build/freertos.a(tasks.o)
 .bss.xDelayedTaskList1
                0x000000003fff0ca8       0x14 ./build/freertos.a(tasks.o)
 .bss.pxReadyTasksLists
                0x000000003fff0cbc      0x12c ./build/freertos.a(tasks.o)
 .bss.pxCurrentTCB
                0x000000003fff0de8        0x4 ./build/freertos.a(tasks.o)
                0x000000003fff0de8                pxCurrentTCB
 .bss.xLastTime$3406
                0x000000003fff0dec        0x4 ./build/freertos.a(timers.o)
 .bss.xTimerTaskHandle
                0x000000003fff0df0        0x4 ./build/freertos.a(timers.o)
 .bss.xTimerQueue
                0x000000003fff0df4        0x4 ./build/freertos.a(timers.o)
 .bss.pxOverflowTimerList
                0x000000003fff0df8        0x4 ./build/freertos.a(timers.o)
 .bss.pxCurrentTimerList
                0x000000003fff0dfc        0x4 ./build/freertos.a(timers.o)
 .bss.xActiveTimerList2
                0x000000003fff0e00       0x14 ./build/freertos.a(timers.o)
 .bss.xActiveTimerList1
                0x000000003fff0e14       0x14 ./build/freertos.a(timers.o)
 .bss.uxCriticalNesting
                0x000000003fff0e28        0x4 ./build/freertos.a(port.o)
 .bss.pending_maclayer_sv
                0x000000003fff0e2c        0x4 ./build/freertos.a(port.o)
 .bss.pending_soft_sv
                0x000000003fff0e30        0x4 ./build/freertos.a(port.o)
 .bss.mbox      0x000000003fff0e34        0x4 ./build/lwip.a(tcpip.o)
 .bss.tcpip_init_done_arg
                0x000000003fff0e38        0x4 ./build/lwip.a(tcpip.o)
 .bss.tcpip_init_done
                0x000000003fff0e3c        0x4 ./build/lwip.a(tcpip.o)
 .bss.tcp_timer_ctr
                0x000000003fff0e40        0x1 ./build/lwip.a(tcp.o)
 .bss.tcp_timer
                0x000000003fff0e41        0x1 ./build/lwip.a(tcp.o)
 *fill*         0x000000003fff0e42        0x2 
 .bss.dns_payload
                0x000000003fff0e44        0x4 ./build/lwip.a(dns.o)
 .bss.dns_payload_buffer
                0x000000003fff0e48      0x203 ./build/lwip.a(dns.o)
 *fill*         0x000000003fff104b        0x1 
 .bss.dns_servers
                0x000000003fff104c        0x8 ./build/lwip.a(dns.o)
 .bss.dns_table
                0x000000003fff1054       0x98 ./build/lwip.a(dns.o)
 .bss.dns_pcb   0x000000003fff10ec        0x4 ./build/lwip.a(dns.o)
 .bss.netif_num
                0x000000003fff10f0        0x1 ./build/lwip.a(netif.o)
 *fill*         0x000000003fff10f1        0x3 
 .bss.tcpip_tcp_timer_active
                0x000000003fff10f4        0x4 ./build/lwip.a(timers.o)
 .bss.next_timeout
                0x000000003fff10f8        0x4 ./build/lwip.a(timers.o)
 .bss.ip_id     0x000000003fff10fc        0x2 ./build/lwip.a(ip.o)
 .bss.etharp_cached_entry
                0x000000003fff10fe        0x1 ./build/lwip.a(etharp.o)
 *fill*         0x000000003fff10ff        0x1 
 .bss.arp_table
                0x000000003fff1100       0xc8 ./build/lwip.a(etharp.o)
 .bss.raw_pcbs  0x000000003fff11c8        0x4 ./build/lwip.a(raw.o)
 .bss.recv_data
                0x000000003fff11cc        0x4 ./build/lwip.a(tcp_in.o)
 .bss.recv_flags
                0x000000003fff11d0        0x1 ./build/lwip.a(tcp_in.o)
 *fill*         0x000000003fff11d1        0x1 
 .bss.tcplen    0x000000003fff11d2        0x2 ./build/lwip.a(tcp_in.o)
 .bss.flags     0x000000003fff11d4        0x1 ./build/lwip.a(tcp_in.o)
 *fill*         0x000000003fff11d5        0x3 
 .bss.ackno     0x000000003fff11d8        0x4 ./build/lwip.a(tcp_in.o)
 .bss.seqno     0x000000003fff11dc        0x4 ./build/lwip.a(tcp_in.o)
 .bss.iphdr     0x000000003fff11e0        0x4 ./build/lwip.a(tcp_in.o)
 .bss.tcphdr    0x000000003fff11e4        0x4 ./build/lwip.a(tcp_in.o)
 .bss.inseg     0x000000003fff11e8       0x10 ./build/lwip.a(tcp_in.o)
 .bss._sysparam_info
                0x000000003fff11f8       0x18 ./build/core.a(sysparam.o)
 .bss.t_Manager
                0x000000003fff1210       0x10 ./build/program.a(main.o)
                0x000000003fff1210                t_Manager
 .bss.ipbuf$4854
                0x000000003fff1220       0x10 ./build/dhcpserver.a(dhcpserver.o)
 .bss.state     0x000000003fff1230        0x4 ./build/dhcpserver.a(dhcpserver.o)
 .bss.dhcpserver_task_handle
                0x000000003fff1234        0x4 ./build/dhcpserver.a(dhcpserver.o)
 .bss.heap_end$2142
                0x000000003fff1238        0x4 ./build/core.a(newlib_syscalls.o)
 *(.gnu.linkonce.b.*)
 *(COMMON)
 COMMON         0x000000003fff123c       0x28 ./build/open_esplibs_libmain.a(user_interface.o)
                0x000000003fff123c                sdk_cpu_overclock
                0x000000003fff1240                sdk_rst_if
                0x000000003fff1260                sdk_promiscuous_cb
 COMMON         0x000000003fff1264        0x4 ./build/open_esplibs_libmain.a(misc.o)
                0x000000003fff1264                sdk__putc1
 COMMON         0x000000003fff1268       0x20 ./build/open_esplibs_libnet80211.a(wl_cnx.o)
                0x000000003fff1268                sdk_sta_con_timer
                0x000000003fff1284                sdk_g_cnx_probe_rc_list_cb
 COMMON         0x000000003fff1288        0xc ./build/freertos.a(port.o)
                0x000000003fff1288                level1_int_disabled
                0x000000003fff128c                cpu_sr
                0x000000003fff1290                xPortSupervisorStackPointer
 COMMON         0x000000003fff1294       0x34 ./build/lwip.a(dhcp.o)
                0x000000003fff1294                dhcp_rx_options_given
                0x000000003fff12a0                dhcp_rx_options_val
 COMMON         0x000000003fff12c8       0x1c ./build/lwip.a(tcp.o)
                0x000000003fff12c8                tcp_active_pcbs_changed
                0x000000003fff12cc                tcp_active_pcbs
                0x000000003fff12d0                tcp_ticks
                0x000000003fff12d4                tcp_listen_pcbs
                0x000000003fff12d8                tcp_tmp_pcb
                0x000000003fff12dc                tcp_bound_pcbs
                0x000000003fff12e0                tcp_tw_pcbs
 COMMON         0x000000003fff12e4        0x8 ./build/lwip.a(netif.o)
                0x000000003fff12e4                netif_list
                0x000000003fff12e8                netif_default
 COMMON         0x000000003fff12ec       0xba ./build/lwip.a(stats.o)
                0x000000003fff12ec                lwip_stats
 *fill*         0x000000003fff13a6        0x2 
 COMMON         0x000000003fff13a8        0x4 ./build/lwip.a(udp.o)
                0x000000003fff13a8                udp_pcbs
 COMMON         0x000000003fff13ac       0x10 ./build/lwip.a(ip.o)
                0x000000003fff13ac                current_iphdr_src
                0x000000003fff13b0                current_netif
                0x000000003fff13b4                current_iphdr_dest
                0x000000003fff13b8                current_header
 COMMON         0x000000003fff13bc        0x4 ./build/lwip.a(tcp_in.o)
                0x000000003fff13bc                tcp_input_pcb
 COMMON         0x000000003fff13c0       0x41 ./build/core.a(esp_interrupts.o)
                0x000000003fff13c0                isr
                0x000000003fff1400                esp_in_isr
 *fill*         0x000000003fff1401        0x3 
 COMMON         0x000000003fff1404       0x2d ./build/core.a(app_main.o)
                0x000000003fff1404                sdk_info
                0x000000003fff1428                sdk_xWatchDogTaskHandle
                0x000000003fff142c                sdk_xUserTaskHandle
                0x000000003fff1430                sdk_user_init_flag
                0x000000003fff1438                . = ALIGN (0x8)
 *fill*         0x000000003fff1431        0x7 
                0x000000003fff1438                _bss_end = ABSOLUTE (.)
                0x000000003fff1438                _heap_start = ABSOLUTE (.)

.irom0.text     0x0000000040202010    0x33bec
                0x0000000040202010                _irom0_text_start = ABSOLUTE (.)
 *(.literal .text .literal.* .text.* .rodata .rodata.*)
 .text._check_boot_version
                0x0000000040202010       0x3a ./build/open_esplibs_libmain.a(user_interface.o)
                                         0x3e (size before relaxing)
 *fill*         0x000000004020204a        0x2 
 .text.sdk_system_pp_recycle_rx_pkt
                0x000000004020204c        0xf ./build/open_esplibs_libmain.a(user_interface.o)
                                         0x17 (size before relaxing)
                0x000000004020204c                sdk_system_pp_recycle_rx_pkt
 *fill*         0x000000004020205b        0x1 
 .text.sdk_system_restart
                0x000000004020205c       0x53 ./build/open_esplibs_libmain.a(user_interface.o)
                                         0x7b (size before relaxing)
                0x0000000040202068                sdk_system_restart
 *fill*         0x00000000402020af        0x1 
 .text.sdk_system_get_boot_version
                0x00000000402020b0        0xe ./build/open_esplibs_libmain.a(user_interface.o)
                                         0x12 (size before relaxing)
                0x00000000402020b0                sdk_system_get_boot_version
 *fill*         0x00000000402020be        0x2 
 .text.sdk_system_get_test_result
                0x00000000402020c0       0x22 ./build/open_esplibs_libmain.a(user_interface.o)
                                         0x2e (size before relaxing)
                0x00000000402020c0                sdk_system_get_test_result
 *fill*         0x00000000402020e2        0x2 
 .text.sdk_system_upgrade_userbin_check
                0x00000000402020e4       0x40 ./build/open_esplibs_libmain.a(user_interface.o)
                                         0x44 (size before relaxing)
                0x00000000402020e4                sdk_system_upgrade_userbin_check
 .text.sdk_system_get_userbin_addr
                0x0000000040202124       0x96 ./build/open_esplibs_libmain.a(user_interface.o)
                                         0x9e (size before relaxing)
                0x0000000040202134                sdk_system_get_userbin_addr
 *fill*         0x00000000402021ba        0x2 
 .text.sdk_system_update_cpu_freq
                0x00000000402021bc       0x61 ./build/open_esplibs_libmain.a(user_interface.o)
                                         0x69 (size before relaxing)
                0x00000000402021c0                sdk_system_update_cpu_freq
 *fill*         0x000000004020221d        0x3 
 .text.sdk_system_get_cpu_freq
                0x0000000040202220       0x1a ./build/open_esplibs_libmain.a(user_interface.o)
                0x0000000040202224                sdk_system_get_cpu_freq
 *fill*         0x000000004020223a        0x2 
 .text.sdk_system_overclock
                0x000000004020223c       0x31 ./build/open_esplibs_libmain.a(user_interface.o)
                                         0x3d (size before relaxing)
                0x0000000040202240                sdk_system_overclock
 *fill*         0x000000004020226d        0x3 
 .text.sdk_system_restoreclock
                0x0000000040202270       0x33 ./build/open_esplibs_libmain.a(user_interface.o)
                                         0x43 (size before relaxing)
                0x0000000040202270                sdk_system_restoreclock
 *fill*         0x00000000402022a3        0x1 
 .text.sdk_system_station_got_ip_set
                0x00000000402022a4       0x91 ./build/open_esplibs_libmain.a(user_interface.o)
                                         0xa9 (size before relaxing)
                0x00000000402022b0                sdk_system_station_got_ip_set
 *fill*         0x0000000040202335        0x3 
 .text.sdk_wifi_set_ip_info
                0x0000000040202338       0x81 ./build/open_esplibs_libmain.a(user_interface.o)
                                         0x8d (size before relaxing)
                0x0000000040202344                sdk_wifi_set_ip_info
 *fill*         0x00000000402023b9        0x3 
 .text.sdk_wifi_get_macaddr
                0x00000000402023bc       0x63 ./build/open_esplibs_libmain.a(user_interface.o)
                                         0x73 (size before relaxing)
                0x00000000402023c0                sdk_wifi_get_macaddr
 *fill*         0x000000004020241f        0x1 
 .text.sdk_os_update_cpu_frequency
                0x0000000040202420        0xb ./build/open_esplibs_libmain.a(misc.o)
                0x0000000040202424                sdk_os_update_cpu_frequency
                0x0000000040202424                sdk_ets_update_cpu_frequency
 *fill*         0x000000004020242b        0x1 
 .text.sdk_os_delay_us
                0x000000004020242c       0x33 ./build/open_esplibs_libmain.a(misc.o)
                                         0x3f (size before relaxing)
                0x000000004020242c                sdk_os_delay_us
                0x000000004020242c                sdk_ets_delay_us
 *fill*         0x000000004020245f        0x1 
 .text.sdk_os_install_putc1
                0x0000000040202460        0xb ./build/open_esplibs_libmain.a(misc.o)
                0x0000000040202464                sdk_os_install_putc1
 *fill*         0x000000004020246b        0x1 
 .text.sdk_gpio_output_set
                0x000000004020246c       0x1d ./build/open_esplibs_libmain.a(misc.o)
                0x0000000040202470                sdk_gpio_output_set
 *fill*         0x0000000040202489        0x3 
 .text.sdk_rtc_get_reset_reason
                0x000000004020248c       0x4a ./build/open_esplibs_libmain.a(misc.o)
                0x0000000040202494                sdk_rtc_get_reset_reason
 *fill*         0x00000000402024d6        0x2 
 .text.timer_tramp
                0x00000000402024d8       0x17 ./build/open_esplibs_libmain.a(timers.o)
                                         0x1f (size before relaxing)
 *fill*         0x00000000402024ef        0x1 
 .text.sdk_os_timer_setfn
                0x00000000402024f0       0xac ./build/open_esplibs_libmain.a(timers.o)
                                         0xb8 (size before relaxing)
                0x0000000040202500                sdk_os_timer_setfn
 .text.sdk_os_timer_arm
                0x000000004020259c       0xac ./build/open_esplibs_libmain.a(timers.o)
                                         0xd4 (size before relaxing)
                0x00000000402025a8                sdk_os_timer_arm
 .text.sdk_os_timer_disarm
                0x0000000040202648       0x27 ./build/open_esplibs_libmain.a(timers.o)
                                         0x37 (size before relaxing)
                0x000000004020264c                sdk_os_timer_disarm
 *fill*         0x000000004020266f        0x1 
 .text.sdk_sta_status_set
                0x0000000040202670       0x42 ./build/open_esplibs_libnet80211.a(ieee80211_sta.o)
                                         0x46 (size before relaxing)
                0x0000000040202670                sdk_sta_status_set
 *fill*         0x00000000402026b2        0x2 
 .text.sdk_wifi_station_start
                0x00000000402026b4       0xa7 ./build/open_esplibs_libnet80211.a(ieee80211_sta.o)
                                         0xc3 (size before relaxing)
                0x00000000402026d0                sdk_wifi_station_start
 *fill*         0x000000004020275b        0x1 
 .text.sdk_wifi_station_stop
                0x000000004020275c       0x4b ./build/open_esplibs_libnet80211.a(ieee80211_sta.o)
                                         0x5b (size before relaxing)
                0x000000004020275c                sdk_wifi_station_stop
 *fill*         0x00000000402027a7        0x1 
 .text.sdk_wpa_config_assoc_ie
                0x00000000402027a8       0x17 ./build/open_esplibs_libwpa.a(wpa_main.o)
                                         0x1b (size before relaxing)
                0x00000000402027a8                sdk_wpa_config_assoc_ie
 *fill*         0x00000000402027bf        0x1 
 .text.sdk_dhcp_bind_check
                0x00000000402027c0       0x22 ./build/open_esplibs_libwpa.a(wpa_main.o)
                                         0x26 (size before relaxing)
                0x00000000402027c0                sdk_dhcp_bind_check
 *fill*         0x00000000402027e2        0x2 
 .text.wpa_callback2
                0x00000000402027e4       0x33 ./build/open_esplibs_libwpa.a(wpa_main.o)
                                         0x47 (size before relaxing)
 *fill*         0x0000000040202817        0x1 
 .text.wpa_callback1
                0x0000000040202818       0x1b ./build/open_esplibs_libwpa.a(wpa_main.o)
                                         0x23 (size before relaxing)
 *fill*         0x0000000040202833        0x1 
 .text.sdk_wpa_config_profile
                0x0000000040202834       0x49 ./build/open_esplibs_libwpa.a(wpa_main.o)
                                         0x58 (size before relaxing)
                0x0000000040202834                sdk_wpa_config_profile
 *fill*         0x000000004020287d        0x3 
 .text.sdk_wpa_config_bss
                0x0000000040202880       0x3c ./build/open_esplibs_libwpa.a(wpa_main.o)
                                         0x40 (size before relaxing)
                0x0000000040202880                sdk_wpa_config_bss
 .text.sdk_eagle_auth_done
                0x00000000402028bc       0xd3 ./build/open_esplibs_libwpa.a(wpa_main.o)
                                        0x10b (size before relaxing)
                0x00000000402028d8                sdk_eagle_auth_done
 *fill*         0x000000004020298f        0x1 
 .text.sdk_wpa_neg_complete
                0x0000000040202990        0xf ./build/open_esplibs_libwpa.a(wpa_main.o)
                                         0x17 (size before relaxing)
                0x0000000040202990                sdk_wpa_neg_complete
 *fill*         0x000000004020299f        0x1 
 .text.sdk_wpa_attach
                0x00000000402029a0       0x4f ./build/open_esplibs_libwpa.a(wpa_main.o)
                                         0x5f (size before relaxing)
                0x00000000402029b8                sdk_wpa_attach
 *fill*         0x00000000402029ef        0x1 
 .text.prvResetNextTaskUnblockTime
                0x00000000402029f0       0x35 ./build/freertos.a(tasks.o)
 *fill*         0x0000000040202a25        0x3 
 .text.prvAddCurrentTaskToDelayedList
                0x0000000040202a28       0xa4 ./build/freertos.a(tasks.o)
                                         0xc4 (size before relaxing)
 .text.xTaskCreate
                0x0000000040202acc      0x22a ./build/freertos.a(tasks.o)
                                        0x28a (size before relaxing)
                0x0000000040202b08                xTaskCreate
 *fill*         0x0000000040202cf6        0x2 
 .text.vTaskDelete
                0x0000000040202cf8       0xb7 ./build/freertos.a(tasks.o)
                                         0xf3 (size before relaxing)
                0x0000000040202cfc                vTaskDelete
 *fill*         0x0000000040202daf        0x1 
 .text.vTaskStartScheduler
                0x0000000040202db0       0x7f ./build/freertos.a(tasks.o)
                                         0x9f (size before relaxing)
                0x0000000040202dc8                vTaskStartScheduler
 *fill*         0x0000000040202e2f        0x1 
 .text.vTaskSuspendAll
                0x0000000040202e30       0x15 ./build/freertos.a(tasks.o)
                0x0000000040202e34                vTaskSuspendAll
 *fill*         0x0000000040202e45        0x3 
 .text.xTaskGetTickCount
                0x0000000040202e48       0x27 ./build/freertos.a(tasks.o)
                                         0x33 (size before relaxing)
                0x0000000040202e48                xTaskGetTickCount
 *fill*         0x0000000040202e6f        0x1 
 .text.xTaskIncrementTick
                0x0000000040202e70      0x170 ./build/freertos.a(tasks.o)
                                        0x1a4 (size before relaxing)
                0x0000000040202e7c                xTaskIncrementTick
 .text.xTaskResumeAll
                0x0000000040202fe0       0xe9 ./build/freertos.a(tasks.o)
                                        0x13d (size before relaxing)
                0x0000000040202fe0                xTaskResumeAll
 *fill*         0x00000000402030c9        0x3 
 .text.vTaskDelay
                0x00000000402030cc       0x38 ./build/freertos.a(tasks.o)
                                         0x4c (size before relaxing)
                0x00000000402030cc                vTaskDelay
 .text.prvIdleTask
                0x0000000040203104       0x8c ./build/freertos.a(tasks.o)
                                         0xc0 (size before relaxing)
 .text.vTaskSwitchContext
                0x0000000040203190       0xc1 ./build/freertos.a(tasks.o)
                                         0xd5 (size before relaxing)
                0x0000000040203198                vTaskSwitchContext
 *fill*         0x0000000040203251        0x3 
 .text.vTaskPlaceOnEventList
                0x0000000040203254       0x29 ./build/freertos.a(tasks.o)
                                         0x39 (size before relaxing)
                0x0000000040203254                vTaskPlaceOnEventList
 *fill*         0x000000004020327d        0x3 
 .text.vTaskPlaceOnEventListRestricted
                0x0000000040203280       0x33 ./build/freertos.a(tasks.o)
                                         0x43 (size before relaxing)
                0x0000000040203280                vTaskPlaceOnEventListRestricted
 *fill*         0x00000000402032b3        0x1 
 .text.xTaskRemoveFromEventList
                0x00000000402032b4       0x77 ./build/freertos.a(tasks.o)
                                         0xaf (size before relaxing)
                0x00000000402032b4                xTaskRemoveFromEventList
 *fill*         0x000000004020332b        0x1 
 .text.vTaskSetTimeOutState
                0x000000004020332c       0x16 ./build/freertos.a(tasks.o)
                                         0x1e (size before relaxing)
                0x000000004020332c                vTaskSetTimeOutState
 *fill*         0x0000000040203342        0x2 
 .text.xTaskCheckForTimeOut
                0x0000000040203344       0x75 ./build/freertos.a(tasks.o)
                                         0x85 (size before relaxing)
                0x0000000040203344                xTaskCheckForTimeOut
 *fill*         0x00000000402033b9        0x3 
 .text.vTaskMissedYield
                0x00000000402033bc        0xc ./build/freertos.a(tasks.o)
                                         0x10 (size before relaxing)
                0x00000000402033bc                vTaskMissedYield
 .text.uxTaskGetStackHighWaterMark
                0x00000000402033c8       0x2c ./build/freertos.a(tasks.o)
                                         0x30 (size before relaxing)
                0x00000000402033c8                uxTaskGetStackHighWaterMark
 .text.xTaskGetSchedulerState
                0x00000000402033f4       0x1e ./build/freertos.a(tasks.o)
                                         0x26 (size before relaxing)
                0x00000000402033f4                xTaskGetSchedulerState
 *fill*         0x0000000040203412        0x2 
 .text.vTaskPriorityInherit
                0x0000000040203414       0x94 ./build/freertos.a(tasks.o)
                                         0xa8 (size before relaxing)
                0x0000000040203414                vTaskPriorityInherit
 .text.xTaskPriorityDisinherit
                0x00000000402034a8       0x6b ./build/freertos.a(tasks.o)
                                         0x7b (size before relaxing)
                0x00000000402034a8                xTaskPriorityDisinherit
 *fill*         0x0000000040203513        0x1 
 .text.pvTaskIncrementMutexHeldCount
                0x0000000040203514       0x1f ./build/freertos.a(tasks.o)
                                         0x23 (size before relaxing)
                0x0000000040203514                pvTaskIncrementMutexHeldCount
 *fill*         0x0000000040203533        0x1 
 .text.prvCheckForValidListAndQueue
                0x0000000040203534       0x69 ./build/freertos.a(timers.o)
                                         0x89 (size before relaxing)
 *fill*         0x000000004020359d        0x3 
 .text.prvInsertTimerInActiveList
                0x00000000402035a0       0x45 ./build/freertos.a(timers.o)
                                         0x59 (size before relaxing)
 *fill*         0x00000000402035e5        0x3 
 .text.xTimerCreateTimerTask
                0x00000000402035e8       0x3d ./build/freertos.a(timers.o)
                                         0x4d (size before relaxing)
                0x00000000402035f4                xTimerCreateTimerTask
 *fill*         0x0000000040203625        0x3 
 .text.xTimerCreate
                0x0000000040203628       0x4d ./build/freertos.a(timers.o)
                                         0x5d (size before relaxing)
                0x0000000040203628                xTimerCreate
 *fill*         0x0000000040203675        0x3 
 .text.xTimerGenericCommand
                0x0000000040203678       0x67 ./build/freertos.a(timers.o)
                                         0x7f (size before relaxing)
                0x0000000040203678                xTimerGenericCommand
 *fill*         0x00000000402036df        0x1 
 .text.prvSwitchTimerLists
                0x00000000402036e0       0x76 ./build/freertos.a(timers.o)
                                         0x8e (size before relaxing)
 *fill*         0x0000000040203756        0x2 
 .text.prvTimerTask
                0x0000000040203758      0x18b ./build/freertos.a(timers.o)
                                        0x20b (size before relaxing)
 *fill*         0x00000000402038e3        0x1 
 .text.pvTimerGetTimerID
                0x00000000402038e4       0x23 ./build/freertos.a(timers.o)
                                         0x2b (size before relaxing)
                0x00000000402038e4                pvTimerGetTimerID
 *fill*         0x0000000040203907        0x1 
 .text.pxPortInitialiseStack
                0x0000000040203908       0x37 ./build/freertos.a(port.o)
                0x000000004020390c                pxPortInitialiseStack
 *fill*         0x000000004020393f        0x1 
 .text.xPortSysTickHandle
                0x0000000040203940       0x14 ./build/freertos.a(port.o)
                                         0x23 (size before relaxing)
                0x0000000040203940                xPortSysTickHandle
 *fill*         0x0000000040203954        0x0 
 .text.xPortStartScheduler
                0x0000000040203954       0x72 ./build/freertos.a(port.o)
                                         0x7a (size before relaxing)
                0x000000004020396c                xPortStartScheduler
 *fill*         0x00000000402039c6        0x2 
 .text.xPortGetFreeHeapSize
                0x00000000402039c8       0x28 ./build/freertos.a(port.o)
                                         0x38 (size before relaxing)
                0x00000000402039c8                xPortGetFreeHeapSize
 .text.xTaskGenericCreate
                0x00000000402039f0       0x15 ./build/freertos.a(port.o)
                                         0x19 (size before relaxing)
                0x00000000402039f0                xTaskGenericCreate
 *fill*         0x0000000040203a05        0x3 
 .text.prvCopyDataToQueue
                0x0000000040203a08       0xa7 ./build/freertos.a(queue.o)
                                         0xb3 (size before relaxing)
 *fill*         0x0000000040203aaf        0x1 
 .text.prvCopyDataFromQueue
                0x0000000040203ab0       0x2b ./build/freertos.a(queue.o)
                                         0x2f (size before relaxing)
 *fill*         0x0000000040203adb        0x1 
 .text.prvUnlockQueue
                0x0000000040203adc       0xb4 ./build/freertos.a(queue.o)
                                         0xdc (size before relaxing)
 .text.xQueueGenericReset
                0x0000000040203b90       0x7d ./build/freertos.a(queue.o)
                                         0x9d (size before relaxing)
                0x0000000040203b90                xQueueGenericReset
 *fill*         0x0000000040203c0d        0x3 
 .text.xQueueGenericCreate
                0x0000000040203c10       0x5c ./build/freertos.a(queue.o)
                                         0x68 (size before relaxing)
                0x0000000040203c10                xQueueGenericCreate
 .text.xQueueGenericSend
                0x0000000040203c6c      0x12a ./build/freertos.a(queue.o)
                                        0x19e (size before relaxing)
                0x0000000040203c6c                xQueueGenericSend
 *fill*         0x0000000040203d96        0x2 
 .text.xQueueCreateMutex
                0x0000000040203d98       0x31 ./build/freertos.a(queue.o)
                                         0x3d (size before relaxing)
                0x0000000040203d98                xQueueCreateMutex
 *fill*         0x0000000040203dc9        0x3 
 .text.xQueueGenericSendFromISR
                0x0000000040203dcc       0x63 ./build/freertos.a(queue.o)
                                         0x73 (size before relaxing)
                0x0000000040203dcc                xQueueGenericSendFromISR
 *fill*         0x0000000040203e2f        0x1 
 .text.xQueueGiveFromISR
                0x0000000040203e30       0x5b ./build/freertos.a(queue.o)
                                         0x5f (size before relaxing)
                0x0000000040203e30                xQueueGiveFromISR
 *fill*         0x0000000040203e8b        0x1 
 .text.xQueueGenericReceive
                0x0000000040203e8c      0x184 ./build/freertos.a(queue.o)
                                        0x218 (size before relaxing)
                0x0000000040203e8c                xQueueGenericReceive
 .text.uxQueueMessagesWaiting
                0x0000000040204010       0x27 ./build/freertos.a(queue.o)
                                         0x2f (size before relaxing)
                0x0000000040204010                uxQueueMessagesWaiting
 *fill*         0x0000000040204037        0x1 
 .text.vQueueDelete
                0x0000000040204038       0x13 ./build/freertos.a(queue.o)
                                         0x17 (size before relaxing)
                0x0000000040204038                vQueueDelete
 *fill*         0x000000004020404b        0x1 
 .text.vQueueWaitForMessageRestricted
                0x000000004020404c       0x6f ./build/freertos.a(queue.o)
                                         0x7f (size before relaxing)
                0x000000004020404c                vQueueWaitForMessageRestricted
 *fill*         0x00000000402040bb        0x1 
 .text.low_level_output
                0x00000000402040bc       0x38 ./build/lwip.a(esp_interface.o)
                                         0x40 (size before relaxing)
 .text.ethernetif_init
                0x00000000402040f4       0x32 ./build/lwip.a(esp_interface.o)
                0x00000000402040fc                ethernetif_init
 *fill*         0x0000000040204126        0x2 
 .text.ethernetif_input
                0x0000000040204128       0x53 ./build/lwip.a(esp_interface.o)
                                         0x5a (size before relaxing)
                0x0000000040204130                ethernetif_input
 *fill*         0x000000004020417b        0x1 
 .text.tcpip_thread
                0x000000004020417c       0xc3 ./build/lwip.a(tcpip.o)
                                         0xe7 (size before relaxing)
 *fill*         0x000000004020423f        0x1 
 .text.tcpip_input
                0x0000000040204240       0x6c ./build/lwip.a(tcpip.o)
                                         0x80 (size before relaxing)
                0x0000000040204244                tcpip_input
 .text.tcpip_apimsg
                0x00000000402042ac       0x42 ./build/lwip.a(tcpip.o)
                                         0x52 (size before relaxing)
                0x00000000402042ac                tcpip_apimsg
 *fill*         0x00000000402042ee        0x2 
 .text.tcpip_init
                0x00000000402042f0       0x47 ./build/lwip.a(tcpip.o)
                                         0x67 (size before relaxing)
                0x00000000402042f8                tcpip_init
 *fill*         0x0000000040204337        0x1 
 .text.dhcp_create_msg
                0x0000000040204338      0x1d0 ./build/lwip.a(dhcp.o)
                                        0x1d4 (size before relaxing)
 .text.dhcp_rebind
                0x0000000040204508      0x122 ./build/lwip.a(dhcp.o)
                                        0x13e (size before relaxing)
 *fill*         0x000000004020462a        0x2 
 .text.dhcp_discover
                0x000000004020462c      0x176 ./build/lwip.a(dhcp.o)
                                        0x19a (size before relaxing)
 *fill*         0x00000000402047a2        0x2 
 .text.dhcp_check
                0x00000000402047a4       0x3e ./build/lwip.a(dhcp.o)
                                         0x46 (size before relaxing)
 *fill*         0x00000000402047e2        0x2 
 .text.dhcp_bind
                0x00000000402047e4      0x13d ./build/lwip.a(dhcp.o)
                                        0x165 (size before relaxing)
 *fill*         0x0000000040204921        0x3 
 .text.dhcp_option_long$isra$3
                0x0000000040204924       0x57 ./build/lwip.a(dhcp.o)
                                         0x5b (size before relaxing)
 *fill*         0x000000004020497b        0x1 
 .text.dhcp_select
                0x000000004020497c      0x21c ./build/lwip.a(dhcp.o)
                                        0x254 (size before relaxing)
 .text.dhcp_reboot
                0x0000000040204b98      0x162 ./build/lwip.a(dhcp.o)
                                        0x192 (size before relaxing)
 *fill*         0x0000000040204cfa        0x2 
 .text.dhcp_recv
                0x0000000040204cfc      0x57f ./build/lwip.a(dhcp.o)
                                        0x5c7 (size before relaxing)
 *fill*         0x000000004020527b        0x1 
 .text.dhcp_arp_reply
                0x000000004020527c      0x106 ./build/lwip.a(dhcp.o)
                                        0x132 (size before relaxing)
                0x000000004020527c                dhcp_arp_reply
 *fill*         0x0000000040205382        0x2 
 .text.dhcp_renew
                0x0000000040205384      0x11a ./build/lwip.a(dhcp.o)
                                        0x13a (size before relaxing)
                0x0000000040205384                dhcp_renew
 *fill*         0x000000004020549e        0x2 
 .text.dhcp_coarse_tmr
                0x00000000402054a0       0x96 ./build/lwip.a(dhcp.o)
                                         0xa1 (size before relaxing)
                0x00000000402054a4                dhcp_coarse_tmr
 *fill*         0x0000000040205536        0x2 
 .text.dhcp_release
                0x0000000040205538      0x101 ./build/lwip.a(dhcp.o)
                                        0x13d (size before relaxing)
                0x0000000040205538                dhcp_release
 *fill*         0x0000000040205639        0x3 
 .text.dhcp_fine_tmr
                0x000000004020563c       0xdb ./build/lwip.a(dhcp.o)
                                        0x11a (size before relaxing)
                0x000000004020563c                dhcp_fine_tmr
 *fill*         0x0000000040205717        0x1 
 .text.dhcp_stop
                0x0000000040205718       0x3f ./build/lwip.a(dhcp.o)
                                         0x43 (size before relaxing)
                0x0000000040205718                dhcp_stop
 *fill*         0x0000000040205757        0x1 
 .text.dhcp_start
                0x0000000040205758       0xc0 ./build/lwip.a(dhcp.o)
                                         0xfc (size before relaxing)
                0x000000004020575c                dhcp_start
 .text.lwip_init
                0x0000000040205818       0x25 ./build/lwip.a(init.o)
                                         0x5d (size before relaxing)
                0x0000000040205818                lwip_init
 *fill*         0x000000004020583d        0x3 
 .text.tcp_new_port
                0x0000000040205840       0x60 ./build/lwip.a(tcp.o)
                                         0x64 (size before relaxing)
 .text.tcp_bind
                0x00000000402058a0       0x9e ./build/lwip.a(tcp.o)
                                         0xae (size before relaxing)
                0x00000000402058a4                tcp_bind
 *fill*         0x000000004020593e        0x2 
 .text.tcp_update_rcv_ann_wnd
                0x0000000040205940       0x46 ./build/lwip.a(tcp.o)
                0x0000000040205944                tcp_update_rcv_ann_wnd
 *fill*         0x0000000040205986        0x2 
 .text.tcp_recved
                0x0000000040205988       0x4a ./build/lwip.a(tcp.o)
                                         0x56 (size before relaxing)
                0x000000004020598c                tcp_recved
 *fill*         0x00000000402059d2        0x2 
 .text.tcp_seg_free
                0x00000000402059d4       0x26 ./build/lwip.a(tcp.o)
                                         0x2e (size before relaxing)
                0x00000000402059d4                tcp_seg_free
 *fill*         0x00000000402059fa        0x2 
 .text.tcp_segs_free
                0x00000000402059fc       0x21 ./build/lwip.a(tcp.o)
                                         0x25 (size before relaxing)
                0x00000000402059fc                tcp_segs_free
 *fill*         0x0000000040205a1d        0x3 
 .text.tcp_pcb_purge
                0x0000000040205a20       0x6d ./build/lwip.a(tcp.o)
                                         0x7d (size before relaxing)
                0x0000000040205a20                tcp_pcb_purge
 *fill*         0x0000000040205a8d        0x3 
 .text.tcp_slowtmr
                0x0000000040205a90      0x2fb ./build/lwip.a(tcp.o)
                                        0x32b (size before relaxing)
                0x0000000040205aac                tcp_slowtmr
 *fill*         0x0000000040205d8b        0x1 
 .text.tcp_pcb_remove
                0x0000000040205d8c       0x79 ./build/lwip.a(tcp.o)
                                         0x85 (size before relaxing)
                0x0000000040205d90                tcp_pcb_remove
 *fill*         0x0000000040205e05        0x3 
 .text.tcp_close_shutdown
                0x0000000040205e08      0x193 ./build/lwip.a(tcp.o)
                                        0x1e3 (size before relaxing)
 *fill*         0x0000000040205f9b        0x1 
 .text.tcp_close
                0x0000000040205f9c       0x27 ./build/lwip.a(tcp.o)
                                         0x2b (size before relaxing)
                0x0000000040205f9c                tcp_close
 *fill*         0x0000000040205fc3        0x1 
 .text.tcp_recv_null
                0x0000000040205fc4       0x3d ./build/lwip.a(tcp.o)
                                         0x4d (size before relaxing)
                0x0000000040205fc4                tcp_recv_null
 *fill*         0x0000000040206001        0x3 
 .text.tcp_process_refused_data
                0x0000000040206004       0x91 ./build/lwip.a(tcp.o)
                                         0x9d (size before relaxing)
                0x0000000040206004                tcp_process_refused_data
 *fill*         0x0000000040206095        0x3 
 .text.tcp_fasttmr
                0x0000000040206098       0x87 ./build/lwip.a(tcp.o)
                                         0x9b (size before relaxing)
                0x0000000040206098                tcp_fasttmr
 *fill*         0x000000004020611f        0x1 
 .text.tcp_tmr  0x0000000040206120       0x27 ./build/lwip.a(tcp.o)